<script type="text/javascript">
<!--

document.write( '<h1>Software and Licenses</h1><table border=1><tr><th>command</th><td>command</td><td>help</td></tr><tr><th><pre>cat /etc/lsb-release</pre></th><td><pre>\n' );
document.write( 'DISTRIB_ID=\"Cumulus Linux\"\n' );
document.write( 'DISTRIB_RELEASE=3.5.3\n' );
document.write( 'DISTRIB_DESCRIPTION=\"Cumulus Linux 3.5.3\"\n' );
document.write( '</pre></td><td><pre>\n' );
document.write( 'Usage: cat [OPTION]... [FILE]...\n' );
document.write( 'Concatenate FILE(s), or standard input, to standard output.\n' );
document.write( '\n' );
document.write( '  -A, --show-all           equivalent to -vET\n' );
document.write( '  -b, --number-nonblank    number nonempty output lines, overrides -n\n' );
document.write( '  -e                       equivalent to -vE\n' );
document.write( '  -E, --show-ends          display $ at end of each line\n' );
document.write( '  -n, --number             number all output lines\n' );
document.write( '  -s, --squeeze-blank      suppress repeated empty output lines\n' );
document.write( '  -t                       equivalent to -vT\n' );
document.write( '  -T, --show-tabs          display TAB characters as ^I\n' );
document.write( '  -u                       (ignored)\n' );
document.write( '  -v, --show-nonprinting   use ^ and M- notation, except for LFD and TAB\n' );
document.write( '      --help     display this help and exit\n' );
document.write( '      --version  output version information and exit\n' );
document.write( '\n' );
document.write( 'With no FILE, or when FILE is -, read standard input.\n' );
document.write( '\n' );
document.write( 'Examples:\n' );
document.write( '  cat f - g  Output f\'s contents, then standard input, then g\'s contents.\n' );
document.write( '  cat        Copy standard input to standard output.\n' );
document.write( '\n' );
document.write( 'GNU coreutils online help: <http://www.gnu.org/software/coreutils/>\n' );
document.write( 'Full documentation at: <http://www.gnu.org/software/coreutils/cat>\n' );
document.write( 'or available locally via: info \'(coreutils) cat invocation\'\n' );
document.write( '\n' );
document.write( 'cat: invalid option -- \'h\'\n' );
document.write( 'Try \'cat --help\' for more information.\n' );
document.write( '</pre></td></tr><tr><th><pre>cat /etc/os-release</pre></th><td><pre>\n' );
document.write( 'NAME=\"Cumulus Linux\"\n' );
document.write( 'VERSION_ID=3.5.3\n' );
document.write( 'VERSION=\"Cumulus Linux 3.5.3\"\n' );
document.write( 'PRETTY_NAME=\"Cumulus Linux\"\n' );
document.write( 'ID=cumulus-linux\n' );
document.write( 'ID_LIKE=debian\n' );
document.write( 'CPE_NAME=cpe:/o:cumulusnetworks:cumulus_linux:3.5.3\n' );
document.write( 'HOME_URL=\"http://www.cumulusnetworks.com/\"\n' );
document.write( 'SUPPORT_URL=\"http://support.cumulusnetworks.com/\"\n' );
document.write( '</pre></td><td><pre>\n' );
document.write( 'Usage: cat [OPTION]... [FILE]...\n' );
document.write( 'Concatenate FILE(s), or standard input, to standard output.\n' );
document.write( '\n' );
document.write( '  -A, --show-all           equivalent to -vET\n' );
document.write( '  -b, --number-nonblank    number nonempty output lines, overrides -n\n' );
document.write( '  -e                       equivalent to -vE\n' );
document.write( '  -E, --show-ends          display $ at end of each line\n' );
document.write( '  -n, --number             number all output lines\n' );
document.write( '  -s, --squeeze-blank      suppress repeated empty output lines\n' );
document.write( '  -t                       equivalent to -vT\n' );
document.write( '  -T, --show-tabs          display TAB characters as ^I\n' );
document.write( '  -u                       (ignored)\n' );
document.write( '  -v, --show-nonprinting   use ^ and M- notation, except for LFD and TAB\n' );
document.write( '      --help     display this help and exit\n' );
document.write( '      --version  output version information and exit\n' );
document.write( '\n' );
document.write( 'With no FILE, or when FILE is -, read standard input.\n' );
document.write( '\n' );
document.write( 'Examples:\n' );
document.write( '  cat f - g  Output f\'s contents, then standard input, then g\'s contents.\n' );
document.write( '  cat        Copy standard input to standard output.\n' );
document.write( '\n' );
document.write( 'GNU coreutils online help: <http://www.gnu.org/software/coreutils/>\n' );
document.write( 'Full documentation at: <http://www.gnu.org/software/coreutils/cat>\n' );
document.write( 'or available locally via: info \'(coreutils) cat invocation\'\n' );
document.write( '\n' );
document.write( 'cat: invalid option -- \'h\'\n' );
document.write( 'Try \'cat --help\' for more information.\n' );
document.write( '</pre></td></tr><tr><th><pre>onie-select -d</pre></th><td><pre>\n' );
document.write( 'Boot mode: Cumulus Linux\n' );
document.write( '</pre></td><td><pre>\n' );
document.write( 'nohup: failed to run command ‘onie-select’: No such file or directory\n' );
document.write( '</pre></td></tr><tr><th><pre>decode-syseeprom</pre></th><td><pre>\n' );
document.write( 'TlvInfo Header:\n' );
document.write( '   Id String:    TlvInfo\n' );
document.write( '   Version:      1\n' );
document.write( '   Total Length: 69\n' );
document.write( 'TLV Name             Code Len Value\n' );
document.write( '-------------------- ---- --- -----\n' );
document.write( 'Vendor Name          0x2D  16 Cumulus Networks\n' );
document.write( 'Product Name         0x21   2 VX\n' );
document.write( 'Device Version       0x26   1 3\n' );
document.write( 'Part Number          0x22   5 3.5.3\n' );
document.write( 'MAC Addresses        0x2A   2 4\n' );
document.write( 'Base MAC Address     0x24   6 44:38:39:00:01:00\n' );
document.write( 'Serial Number        0x23  17 44:38:39:00:01:00\n' );
document.write( 'CRC-32               0xFE   4 0x19447E39\n' );
document.write( '(checksum valid)\n' );
document.write( '</pre></td><td><pre>\n' );
document.write( 'nohup: failed to run command ‘decode-syseeprom’: No such file or directory\n' );
document.write( '</pre></td></tr><tr><th><pre>dmesg</pre></th><td><pre>\n' );
document.write( '[    0.000000] Initializing cgroup subsys cpuset\n' );
document.write( '[    0.000000] Initializing cgroup subsys cpu\n' );
document.write( '[    0.000000] Initializing cgroup subsys cpuacct\n' );
document.write( '[    0.000000] Linux version 4.1.0-cl-6-amd64 (dev-support@cumulusnetworks.com) (gcc version 4.9.2 (Debian 4.9.2-10) ) #1 SMP Cumulus 4.1.33-1+cl3u12 (2018-02-25)\n' );
document.write( '[    0.000000] Command line: BOOT_IMAGE=/boot/vmlinuz-4.1.0-cl-6-amd64 root=UUID=77e5d5f6-9568-4559-8513-aaf6e20d1b5f ro cl_platform=cumulus_vx console=ttyS0,115200n8 console=tty0 quiet\n' );
document.write( '[    0.000000] e820: BIOS-provided physical RAM map:\n' );
document.write( '[    0.000000] BIOS-e820: [mem 0x0000000000000000-0x000000000009fbff] usable\n' );
document.write( '[    0.000000] BIOS-e820: [mem 0x000000000009fc00-0x000000000009ffff] reserved\n' );
document.write( '[    0.000000] BIOS-e820: [mem 0x00000000000f0000-0x00000000000fffff] reserved\n' );
document.write( '[    0.000000] BIOS-e820: [mem 0x0000000000100000-0x00000000bffddfff] usable\n' );
document.write( '[    0.000000] BIOS-e820: [mem 0x00000000bffde000-0x00000000bfffffff] reserved\n' );
document.write( '[    0.000000] BIOS-e820: [mem 0x00000000feffc000-0x00000000feffffff] reserved\n' );
document.write( '[    0.000000] BIOS-e820: [mem 0x00000000fffc0000-0x00000000ffffffff] reserved\n' );
document.write( '[    0.000000] BIOS-e820: [mem 0x0000000100000000-0x00000002bfffffff] usable\n' );
document.write( '[    0.000000] NX (Execute Disable) protection: active\n' );
document.write( '[    0.000000] SMBIOS 2.8 present.\n' );
document.write( '[    0.000000] DMI: Bochs Bochs, BIOS Bochs \n' );
document.write( '[    0.000000] e820: update [mem 0x00000000-0x00000fff] usable ==> reserved\n' );
document.write( '[    0.000000] e820: remove [mem 0x000a0000-0x000fffff] usable\n' );
document.write( '[    0.000000] e820: last_pfn = 0x2c0000 max_arch_pfn = 0x400000000\n' );
document.write( '[    0.000000] MTRR default type: write-back\n' );
document.write( '[    0.000000] MTRR fixed ranges enabled:\n' );
document.write( '[    0.000000]   00000-9FFFF write-back\n' );
document.write( '[    0.000000]   A0000-BFFFF uncachable\n' );
document.write( '[    0.000000]   C0000-FFFFF write-protect\n' );
document.write( '[    0.000000] MTRR variable ranges enabled:\n' );
document.write( '[    0.000000]   0 base 00C0000000 mask FFC0000000 uncachable\n' );
document.write( '[    0.000000]   1 disabled\n' );
document.write( '[    0.000000]   2 disabled\n' );
document.write( '[    0.000000]   3 disabled\n' );
document.write( '[    0.000000]   4 disabled\n' );
document.write( '[    0.000000]   5 disabled\n' );
document.write( '[    0.000000]   6 disabled\n' );
document.write( '[    0.000000]   7 disabled\n' );
document.write( '[    0.000000] e820: last_pfn = 0xbffde max_arch_pfn = 0x400000000\n' );
document.write( '[    0.000000] found SMP MP-table at [mem 0x000f6a60-0x000f6a6f] mapped at [ffff8800000f6a60]\n' );
document.write( '[    0.000000] Base memory trampoline at [ffff880000099000] 99000 size 24576\n' );
document.write( '[    0.000000] init_memory_mapping: [mem 0x00000000-0x000fffff]\n' );
document.write( '[    0.000000]  [mem 0x00000000-0x000fffff] page 4k\n' );
document.write( '[    0.000000] BRK [0x02011000, 0x02011fff] PGTABLE\n' );
document.write( '[    0.000000] BRK [0x02012000, 0x02012fff] PGTABLE\n' );
document.write( '[    0.000000] BRK [0x02013000, 0x02013fff] PGTABLE\n' );
document.write( '[    0.000000] init_memory_mapping: [mem 0x2bfe00000-0x2bfffffff]\n' );
document.write( '[    0.000000]  [mem 0x2bfe00000-0x2bfffffff] page 2M\n' );
document.write( '[    0.000000] BRK [0x02014000, 0x02014fff] PGTABLE\n' );
document.write( '[    0.000000] init_memory_mapping: [mem 0x2a0000000-0x2bfdfffff]\n' );
document.write( '[    0.000000]  [mem 0x2a0000000-0x2bfdfffff] page 2M\n' );
document.write( '[    0.000000] init_memory_mapping: [mem 0x00100000-0xbffddfff]\n' );
document.write( '[    0.000000]  [mem 0x00100000-0x001fffff] page 4k\n' );
document.write( '[    0.000000]  [mem 0x00200000-0xbfdfffff] page 2M\n' );
document.write( '[    0.000000]  [mem 0xbfe00000-0xbffddfff] page 4k\n' );
document.write( '[    0.000000] init_memory_mapping: [mem 0x100000000-0x29fffffff]\n' );
document.write( '[    0.000000]  [mem 0x100000000-0x29fffffff] page 2M\n' );
document.write( '[    0.000000] BRK [0x02015000, 0x02015fff] PGTABLE\n' );
document.write( '[    0.000000] BRK [0x02016000, 0x02016fff] PGTABLE\n' );
document.write( '[    0.000000] RAMDISK: [mem 0x3756e000-0x37aaefff]\n' );
document.write( '[    0.000000] ACPI: Early table checksum verification disabled\n' );
document.write( '[    0.000000] ACPI: RSDP 0x00000000000F6860 000014 (v00 BOCHS )\n' );
document.write( '[    0.000000] ACPI: RSDT 0x00000000BFFE18D9 000034 (v01 BOCHS  BXPCRSDT 00000001 BXPC 00000001)\n' );
document.write( '[    0.000000] ACPI: FACP 0x00000000BFFE0E65 000074 (v01 BOCHS  BXPCFACP 00000001 BXPC 00000001)\n' );
document.write( '[    0.000000] ACPI: DSDT 0x00000000BFFE0040 000E25 (v01 BOCHS  BXPCDSDT 00000001 BXPC 00000001)\n' );
document.write( '[    0.000000] ACPI: FACS 0x00000000BFFE0000 000040\n' );
document.write( '[    0.000000] ACPI: SSDT 0x00000000BFFE0ED9 000948 (v01 BOCHS  BXPCSSDT 00000001 BXPC 00000001)\n' );
document.write( '[    0.000000] ACPI: APIC 0x00000000BFFE1821 000080 (v01 BOCHS  BXPCAPIC 00000001 BXPC 00000001)\n' );
document.write( '[    0.000000] ACPI: HPET 0x00000000BFFE18A1 000038 (v01 BOCHS  BXPCHPET 00000001 BXPC 00000001)\n' );
document.write( '[    0.000000] ACPI: Local APIC address 0xfee00000\n' );
document.write( '[    0.000000]  [ffffea0000000000-ffffea000affffff] PMD -> [ffff8802b5600000-ffff8802bf5fffff] on node 0\n' );
document.write( '[    0.000000] Zone ranges:\n' );
document.write( '[    0.000000]   DMA      [mem 0x0000000000001000-0x0000000000ffffff]\n' );
document.write( '[    0.000000]   DMA32    [mem 0x0000000001000000-0x00000000ffffffff]\n' );
document.write( '[    0.000000]   Normal   [mem 0x0000000100000000-0x00000002bfffffff]\n' );
document.write( '[    0.000000] Movable zone start for each node\n' );
document.write( '[    0.000000] Early memory node ranges\n' );
document.write( '[    0.000000]   node   0: [mem 0x0000000000001000-0x000000000009efff]\n' );
document.write( '[    0.000000]   node   0: [mem 0x0000000000100000-0x00000000bffddfff]\n' );
document.write( '[    0.000000]   node   0: [mem 0x0000000100000000-0x00000002bfffffff]\n' );
document.write( '[    0.000000] Initmem setup node 0 [mem 0x0000000000001000-0x00000002bfffffff]\n' );
document.write( '[    0.000000] On node 0 totalpages: 2621308\n' );
document.write( '[    0.000000]   DMA zone: 64 pages used for memmap\n' );
document.write( '[    0.000000]   DMA zone: 21 pages reserved\n' );
document.write( '[    0.000000]   DMA zone: 3998 pages, LIFO batch:0\n' );
document.write( '[    0.000000]   DMA32 zone: 12224 pages used for memmap\n' );
document.write( '[    0.000000]   DMA32 zone: 782302 pages, LIFO batch:31\n' );
document.write( '[    0.000000]   Normal zone: 28672 pages used for memmap\n' );
document.write( '[    0.000000]   Normal zone: 1835008 pages, LIFO batch:31\n' );
document.write( '[    0.000000] ACPI: PM-Timer IO Port: 0x608\n' );
document.write( '[    0.000000] ACPI: Local APIC address 0xfee00000\n' );
document.write( '[    0.000000] ACPI: LAPIC_NMI (acpi_id[0xff] dfl dfl lint[0x1])\n' );
document.write( '[    0.000000] IOAPIC[0]: apic_id 0, version 17, address 0xfec00000, GSI 0-23\n' );
document.write( '[    0.000000] ACPI: INT_SRC_OVR (bus 0 bus_irq 0 global_irq 2 dfl dfl)\n' );
document.write( '[    0.000000] ACPI: INT_SRC_OVR (bus 0 bus_irq 5 global_irq 5 high level)\n' );
document.write( '[    0.000000] ACPI: INT_SRC_OVR (bus 0 bus_irq 9 global_irq 9 high level)\n' );
document.write( '[    0.000000] ACPI: INT_SRC_OVR (bus 0 bus_irq 10 global_irq 10 high level)\n' );
document.write( '[    0.000000] ACPI: INT_SRC_OVR (bus 0 bus_irq 11 global_irq 11 high level)\n' );
document.write( '[    0.000000] ACPI: IRQ0 used by override.\n' );
document.write( '[    0.000000] ACPI: IRQ5 used by override.\n' );
document.write( '[    0.000000] ACPI: IRQ9 used by override.\n' );
document.write( '[    0.000000] ACPI: IRQ10 used by override.\n' );
document.write( '[    0.000000] ACPI: IRQ11 used by override.\n' );
document.write( '[    0.000000] Using ACPI (MADT) for SMP configuration information\n' );
document.write( '[    0.000000] ACPI: HPET id: 0x8086a201 base: 0xfed00000\n' );
document.write( '[    0.000000] smpboot: Allowing 2 CPUs, 0 hotplug CPUs\n' );
document.write( '[    0.000000] e820: [mem 0xc0000000-0xfeffbfff] available for PCI devices\n' );
document.write( '[    0.000000] clocksource refined-jiffies: mask: 0xffffffff max_cycles: 0xffffffff, max_idle_ns: 1910969940391419 ns\n' );
document.write( '[    0.000000] eda-debug:eda_init(): size & alignment came from: compiled in defaults\n' );
document.write( '[    0.000000] eda: dma_vaddr: 0xffff8800bbf00000, dma_paddr: 0x00000000bbf00000, size: 0x04000000, alignment: 0x00100000\n' );
document.write( '[    0.000000] setup_percpu: NR_CPUS:256 nr_cpumask_bits:256 nr_cpu_ids:2 nr_node_ids:1\n' );
document.write( '[    0.000000] PERCPU: Embedded 33 pages/cpu @ffff8802bfc00000 s94936 r8192 d32040 u1048576\n' );
document.write( '[    0.000000] pcpu-alloc: s94936 r8192 d32040 u1048576 alloc=1*2097152\n' );
document.write( '[    0.000000] pcpu-alloc: [0] 0 1 \n' );
document.write( '[    0.000000] Built 1 zonelists in Zone order, mobility grouping on.  Total pages: 2580327\n' );
document.write( '[    0.000000] Kernel command line: BOOT_IMAGE=/boot/vmlinuz-4.1.0-cl-6-amd64 root=UUID=77e5d5f6-9568-4559-8513-aaf6e20d1b5f ro cl_platform=cumulus_vx console=ttyS0,115200n8 console=tty0 quiet\n' );
document.write( '[    0.000000] PID hash table entries: 4096 (order: 3, 32768 bytes)\n' );
document.write( '[    0.000000] Dentry cache hash table entries: 2097152 (order: 12, 16777216 bytes)\n' );
document.write( '[    0.000000] Inode-cache hash table entries: 1048576 (order: 11, 8388608 bytes)\n' );
document.write( '[    0.000000] Memory: 10142848K/10485232K available (7477K kernel code, 1284K rwdata, 2412K rodata, 1208K init, 1632K bss, 342384K reserved, 0K cma-reserved)\n' );
document.write( '[    0.000000] Hierarchical RCU implementation.\n' );
document.write( '[    0.000000] 	RCU dyntick-idle grace-period acceleration is enabled.\n' );
document.write( '[    0.000000] 	Additional per-CPU info printed with stalls.\n' );
document.write( '[    0.000000] 	RCU restricting CPUs from NR_CPUS=256 to nr_cpu_ids=2.\n' );
document.write( '[    0.000000] RCU: Adjusting geometry for rcu_fanout_leaf=16, nr_cpu_ids=2\n' );
document.write( '[    0.000000] NR_IRQS:16640 nr_irqs:440 16\n' );
document.write( '[    0.000000] Console: colour VGA+ 80x25\n' );
document.write( '[    0.000000] console [tty0] enabled\n' );
document.write( '[    0.000000] console [ttyS0] enabled\n' );
document.write( '[    0.000000] clocksource hpet: mask: 0xffffffff max_cycles: 0xffffffff, max_idle_ns: 19112604467 ns\n' );
document.write( '[    0.000000] hpet clockevent registered\n' );
document.write( '[    0.000000] tsc: Fast TSC calibration failed\n' );
document.write( '[    0.000000] tsc: Unable to calibrate against PIT\n' );
document.write( '[    0.000000] tsc: HPET/PMTIMER calibration failed\n' );
document.write( '[    0.000000] tsc: Marking TSC unstable due to could not calculate TSC khz\n' );
document.write( '[    0.006000] Calibrating delay loop... 2072.57 BogoMIPS (lpj=1036288)\n' );
document.write( '[    0.012000] pid_max: default: 32768 minimum: 301\n' );
document.write( '[    0.012000] ACPI: Core revision 20150410\n' );
document.write( '[    0.018000] ACPI: All ACPI Tables successfully acquired\n' );
document.write( '[    0.019000] Mount-cache hash table entries: 32768 (order: 6, 262144 bytes)\n' );
document.write( '[    0.019000] Mountpoint-cache hash table entries: 32768 (order: 6, 262144 bytes)\n' );
document.write( '[    0.028000] Initializing cgroup subsys blkio\n' );
document.write( '[    0.028000] Initializing cgroup subsys memory\n' );
document.write( '[    0.029000] Initializing cgroup subsys devices\n' );
document.write( '[    0.029000] Initializing cgroup subsys freezer\n' );
document.write( '[    0.029000] Initializing cgroup subsys net_cls\n' );
document.write( '[    0.029000] Initializing cgroup subsys perf_event\n' );
document.write( '[    0.029000] Initializing cgroup subsys net_prio\n' );
document.write( '[    0.029000] Initializing cgroup subsys hugetlb\n' );
document.write( '[    0.029000] Initializing cgroup subsys l3mdev\n' );
document.write( '[    0.032000] mce: CPU supports 10 MCE banks\n' );
document.write( '[    0.033000] Last level iTLB entries: 4KB 0, 2MB 0, 4MB 0\n' );
document.write( '[    0.033000] Last level dTLB entries: 4KB 0, 2MB 0, 4MB 0, 1GB 0\n' );
document.write( '[    0.079000] Freeing SMP alternatives memory: 28K (ffffffff81e71000 - ffffffff81e78000)\n' );
document.write( '[    0.079000] ftrace: allocating 26718 entries in 105 pages\n' );
document.write( '[    0.096000] x2apic: IRQ remapping doesn\'t support X2APIC mode\n' );
document.write( '[    0.112000] ..TIMER: vector=0x30 apic1=0 pin1=2 apic2=-1 pin2=-1\n' );
document.write( '[    0.117000] APIC calibration not consistent with PM-Timer: 106ms instead of 100ms\n' );
document.write( '[    0.117000] APIC delta adjusted to PM-Timer: 6248577 (6627485)\n' );
document.write( '[    0.117000] smpboot: CPU0: Intel(R) Core(TM)2 Duo CPU     T7700  @ 2.40GHz (fam: 06, model: 0f, stepping: 0b)\n' );
document.write( '[    0.117000] Performance Events: unsupported p6 CPU model 15 no PMU driver, software events only.\n' );
document.write( '[    0.126000] NMI watchdog: disabled (cpu0): hardware events not enabled\n' );
document.write( '[    0.126000] NMI watchdog: Shutting down hard lockup detector on all cpus\n' );
document.write( '[    0.130000] x86: Booting SMP configuration:\n' );
document.write( '[    0.130000] .... node  #0, CPUs:      #1\n' );
document.write( '[    0.156000] x86: Booted up 1 node, 2 CPUs\n' );
document.write( '[    0.156000] smpboot: Total of 2 processors activated (4431.87 BogoMIPS)\n' );
document.write( '[    0.169000] devtmpfs: initialized\n' );
document.write( '[    0.176000] clocksource jiffies: mask: 0xffffffff max_cycles: 0xffffffff, max_idle_ns: 1911260446275000 ns\n' );
document.write( '[    0.181000] NET: Registered protocol family 16\n' );
document.write( '[    0.188000] cpuidle: using governor ladder\n' );
document.write( '[    0.194000] cpuidle: using governor menu\n' );
document.write( '[    0.194000] ACPI: bus type PCI registered\n' );
document.write( '[    0.194000] acpiphp: ACPI Hot Plug PCI Controller Driver version: 0.5\n' );
document.write( '[    0.195000] PCI: Using configuration type 1 for base access\n' );
document.write( '[    0.225000] ACPI: Added _OSI(Module Device)\n' );
document.write( '[    0.225000] ACPI: Added _OSI(Processor Device)\n' );
document.write( '[    0.225000] ACPI: Added _OSI(3.0 _SCP Extensions)\n' );
document.write( '[    0.225000] ACPI: Added _OSI(Processor Aggregator Device)\n' );
document.write( '[    0.230000] ACPI: Interpreter enabled\n' );
document.write( '[    0.230000] ACPI: (supports S0 S5)\n' );
document.write( '[    0.230000] ACPI: Using IOAPIC for interrupt routing\n' );
document.write( '[    0.230000] PCI: Using host bridge windows from ACPI; if necessary, use \"pci=nocrs\" and report a bug\n' );
document.write( '[    0.247000] ACPI: PCI Root Bridge [PCI0] (domain 0000 [bus 00-ff])\n' );
document.write( '[    0.247000] acpi PNP0A03:00: _OSC: OS supports [ASPM ClockPM Segments MSI]\n' );
document.write( '[    0.247000] acpi PNP0A03:00: _OSC failed (AE_NOT_FOUND); disabling ASPM\n' );
document.write( '[    0.247000] acpi PNP0A03:00: fail to add MMCONFIG information, can\'t access extended PCI configuration space under this bridge.\n' );
document.write( '[    0.247000] acpiphp: Slot [3] registered\n' );
document.write( '[    0.248000] acpiphp: Slot [4] registered\n' );
document.write( '[    0.248000] acpiphp: Slot [5] registered\n' );
document.write( '[    0.248000] acpiphp: Slot [6] registered\n' );
document.write( '[    0.248000] acpiphp: Slot [7] registered\n' );
document.write( '[    0.248000] acpiphp: Slot [8] registered\n' );
document.write( '[    0.249000] acpiphp: Slot [9] registered\n' );
document.write( '[    0.249000] acpiphp: Slot [10] registered\n' );
document.write( '[    0.249000] acpiphp: Slot [11] registered\n' );
document.write( '[    0.249000] acpiphp: Slot [12] registered\n' );
document.write( '[    0.249000] acpiphp: Slot [13] registered\n' );
document.write( '[    0.250000] acpiphp: Slot [14] registered\n' );
document.write( '[    0.250000] acpiphp: Slot [15] registered\n' );
document.write( '[    0.250000] acpiphp: Slot [16] registered\n' );
document.write( '[    0.251000] acpiphp: Slot [17] registered\n' );
document.write( '[    0.251000] acpiphp: Slot [18] registered\n' );
document.write( '[    0.251000] acpiphp: Slot [19] registered\n' );
document.write( '[    0.251000] acpiphp: Slot [20] registered\n' );
document.write( '[    0.252000] acpiphp: Slot [21] registered\n' );
document.write( '[    0.252000] acpiphp: Slot [22] registered\n' );
document.write( '[    0.252000] acpiphp: Slot [23] registered\n' );
document.write( '[    0.252000] acpiphp: Slot [24] registered\n' );
document.write( '[    0.252000] acpiphp: Slot [25] registered\n' );
document.write( '[    0.252000] acpiphp: Slot [26] registered\n' );
document.write( '[    0.252000] acpiphp: Slot [27] registered\n' );
document.write( '[    0.253000] acpiphp: Slot [28] registered\n' );
document.write( '[    0.253000] acpiphp: Slot [29] registered\n' );
document.write( '[    0.253000] acpiphp: Slot [30] registered\n' );
document.write( '[    0.253000] acpiphp: Slot [31] registered\n' );
document.write( '[    0.253000] PCI host bridge to bus 0000:00\n' );
document.write( '[    0.253000] pci_bus 0000:00: root bus resource [bus 00-ff]\n' );
document.write( '[    0.253000] pci_bus 0000:00: root bus resource [io  0x0000-0x0cf7 window]\n' );
document.write( '[    0.253000] pci_bus 0000:00: root bus resource [io  0x0d00-0xadff window]\n' );
document.write( '[    0.253000] pci_bus 0000:00: root bus resource [io  0xae0f-0xaeff window]\n' );
document.write( '[    0.253000] pci_bus 0000:00: root bus resource [io  0xaf20-0xafdf window]\n' );
document.write( '[    0.253000] pci_bus 0000:00: root bus resource [io  0xafe4-0xffff window]\n' );
document.write( '[    0.253000] pci_bus 0000:00: root bus resource [mem 0x000a0000-0x000bffff window]\n' );
document.write( '[    0.253000] pci_bus 0000:00: root bus resource [mem 0xc0000000-0xfebfffff window]\n' );
document.write( '[    0.254000] pci 0000:00:00.0: [8086:1237] type 00 class 0x060000\n' );
document.write( '[    0.257000] pci 0000:00:01.0: [8086:7000] type 00 class 0x060100\n' );
document.write( '[    0.262000] pci 0000:00:01.1: [8086:7010] type 00 class 0x010180\n' );
document.write( '[    0.272000] pci 0000:00:01.1: reg 0x20: [io  0xc0c0-0xc0cf]\n' );
document.write( '[    0.276000] pci 0000:00:01.1: legacy IDE quirk: reg 0x10: [io  0x01f0-0x01f7]\n' );
document.write( '[    0.276000] pci 0000:00:01.1: legacy IDE quirk: reg 0x14: [io  0x03f6]\n' );
document.write( '[    0.276000] pci 0000:00:01.1: legacy IDE quirk: reg 0x18: [io  0x0170-0x0177]\n' );
document.write( '[    0.276000] pci 0000:00:01.1: legacy IDE quirk: reg 0x1c: [io  0x0376]\n' );
document.write( '[    0.278000] pci 0000:00:01.3: [8086:7113] type 00 class 0x068000\n' );
document.write( '[    0.283000] pci 0000:00:01.3: quirk: [io  0x0600-0x063f] claimed by PIIX4 ACPI\n' );
document.write( '[    0.283000] pci 0000:00:01.3: quirk: [io  0x0700-0x070f] claimed by PIIX4 SMB\n' );
document.write( '[    0.286000] pci 0000:00:02.0: [1013:00b8] type 00 class 0x030000\n' );
document.write( '[    0.292000] pci 0000:00:02.0: reg 0x10: [mem 0xfc000000-0xfdffffff pref]\n' );
document.write( '[    0.303000] pci 0000:00:02.0: reg 0x14: [mem 0xfebf0000-0xfebf0fff]\n' );
document.write( '[    0.341000] pci 0000:00:02.0: reg 0x30: [mem 0xfebe0000-0xfebeffff pref]\n' );
document.write( '[    0.360000] pci 0000:00:03.0: [1af4:1000] type 00 class 0x020000\n' );
document.write( '[    0.362000] pci 0000:00:03.0: reg 0x10: [io  0xc040-0xc05f]\n' );
document.write( '[    0.364000] pci 0000:00:03.0: reg 0x14: [mem 0xfebf1000-0xfebf1fff]\n' );
document.write( '[    0.382000] pci 0000:00:04.0: [1af4:1000] type 00 class 0x020000\n' );
document.write( '[    0.386000] pci 0000:00:04.0: reg 0x10: [io  0xc060-0xc07f]\n' );
document.write( '[    0.390000] pci 0000:00:04.0: reg 0x14: [mem 0xfebf2000-0xfebf2fff]\n' );
document.write( '[    0.406000] pci 0000:00:05.0: [1af4:1000] type 00 class 0x020000\n' );
document.write( '[    0.409000] pci 0000:00:05.0: reg 0x10: [io  0xc080-0xc09f]\n' );
document.write( '[    0.412000] pci 0000:00:05.0: reg 0x14: [mem 0xfebf3000-0xfebf3fff]\n' );
document.write( '[    0.429000] pci 0000:00:06.0: [1af4:1000] type 00 class 0x020000\n' );
document.write( '[    0.432000] pci 0000:00:06.0: reg 0x10: [io  0xc0a0-0xc0bf]\n' );
document.write( '[    0.435000] pci 0000:00:06.0: reg 0x14: [mem 0xfebf4000-0xfebf4fff]\n' );
document.write( '[    0.452000] pci 0000:00:07.0: [1af4:1001] type 00 class 0x010000\n' );
document.write( '[    0.455000] pci 0000:00:07.0: reg 0x10: [io  0xc000-0xc03f]\n' );
document.write( '[    0.457000] pci 0000:00:07.0: reg 0x14: [mem 0xfebf5000-0xfebf5fff]\n' );
document.write( '[    0.474000] pci_bus 0000:00: on NUMA node 0\n' );
document.write( '[    0.482000] ACPI: PCI Interrupt Link [LNKA] (IRQs 5 *10 11)\n' );
document.write( '[    0.482000] ACPI: PCI Interrupt Link [LNKB] (IRQs 5 *10 11)\n' );
document.write( '[    0.483000] ACPI: PCI Interrupt Link [LNKC] (IRQs 5 10 *11)\n' );
document.write( '[    0.483000] ACPI: PCI Interrupt Link [LNKD] (IRQs 5 10 *11)\n' );
document.write( '[    0.484000] ACPI: PCI Interrupt Link [LNKS] (IRQs *9)\n' );
document.write( '[    0.487000] ACPI: Enabled 16 GPEs in block 00 to 0F\n' );
document.write( '[    0.503000] SCSI subsystem initialized\n' );
document.write( '[    0.511000] libata version 3.00 loaded.\n' );
document.write( '[    0.513000] ACPI: bus type USB registered\n' );
document.write( '[    0.514000] usbcore: registered new interface driver usbfs\n' );
document.write( '[    0.514000] usbcore: registered new interface driver hub\n' );
document.write( '[    0.515000] usbcore: registered new device driver usb\n' );
document.write( '[    0.516000] pps_core: LinuxPPS API ver. 1 registered\n' );
document.write( '[    0.516000] pps_core: Software ver. 5.3.6 - Copyright 2005-2007 Rodolfo Giometti <giometti@linux.it>\n' );
document.write( '[    0.516000] PTP clock support registered\n' );
document.write( '[    0.516000] EDAC MC: Ver: 3.0.0\n' );
document.write( '[    0.524000] PCI: Using ACPI for IRQ routing\n' );
document.write( '[    0.524000] PCI: pci_cache_line_size set to 64 bytes\n' );
document.write( '[    0.526000] e820: reserve RAM buffer [mem 0x0009fc00-0x0009ffff]\n' );
document.write( '[    0.526000] e820: reserve RAM buffer [mem 0xbffde000-0xbfffffff]\n' );
document.write( '[    0.539000] HPET: 3 timers in total, 0 timers will be used for per-cpu timer\n' );
document.write( '[    0.541000] amd_nb: Cannot enumerate AMD northbridges\n' );
document.write( '[    0.542000] Switched to clocksource hpet\n' );
document.write( '[    1.170274] pnp: PnP ACPI init\n' );
document.write( '[    1.175223] pnp 00:00: Plug and Play ACPI device, IDs PNP0b00 (active)\n' );
document.write( '[    1.177270] pnp 00:01: Plug and Play ACPI device, IDs PNP0303 (active)\n' );
document.write( '[    1.177270] pnp 00:02: Plug and Play ACPI device, IDs PNP0f13 (active)\n' );
document.write( '[    1.178232] pnp 00:03: [dma 2]\n' );
document.write( '[    1.178232] pnp 00:03: Plug and Play ACPI device, IDs PNP0700 (active)\n' );
document.write( '[    1.179269] pnp 00:04: Plug and Play ACPI device, IDs PNP0400 (active)\n' );
document.write( '[    1.180263] pnp 00:05: Plug and Play ACPI device, IDs PNP0501 (active)\n' );
document.write( '[    1.181324] pnp: PnP ACPI: found 6 devices\n' );
document.write( '[    1.311242] clocksource acpi_pm: mask: 0xffffff max_cycles: 0xffffff, max_idle_ns: 2085701024 ns\n' );
document.write( '[    1.312263] pci_bus 0000:00: resource 4 [io  0x0000-0x0cf7 window]\n' );
document.write( '[    1.312263] pci_bus 0000:00: resource 5 [io  0x0d00-0xadff window]\n' );
document.write( '[    1.312263] pci_bus 0000:00: resource 6 [io  0xae0f-0xaeff window]\n' );
document.write( '[    1.312263] pci_bus 0000:00: resource 7 [io  0xaf20-0xafdf window]\n' );
document.write( '[    1.312263] pci_bus 0000:00: resource 8 [io  0xafe4-0xffff window]\n' );
document.write( '[    1.312263] pci_bus 0000:00: resource 9 [mem 0x000a0000-0x000bffff window]\n' );
document.write( '[    1.312263] pci_bus 0000:00: resource 10 [mem 0xc0000000-0xfebfffff window]\n' );
document.write( '[    1.316272] NET: Registered protocol family 2\n' );
document.write( '[    1.332254] TCP established hash table entries: 131072 (order: 8, 1048576 bytes)\n' );
document.write( '[    1.353239] TCP bind hash table entries: 65536 (order: 8, 1048576 bytes)\n' );
document.write( '[    1.373266] TCP: Hash tables configured (established 131072 bind 65536)\n' );
document.write( '[    1.377219] UDP hash table entries: 8192 (order: 6, 262144 bytes)\n' );
document.write( '[    1.386333] UDP-Lite hash table entries: 8192 (order: 6, 262144 bytes)\n' );
document.write( '[    1.399280] NET: Registered protocol family 1\n' );
document.write( '[    1.409305] RPC: Registered named UNIX socket transport module.\n' );
document.write( '[    1.409305] RPC: Registered udp transport module.\n' );
document.write( '[    1.409305] RPC: Registered tcp transport module.\n' );
document.write( '[    1.409305] RPC: Registered tcp NFSv4.1 backchannel transport module.\n' );
document.write( '[    1.410335] pci 0000:00:00.0: Limiting direct PCI/PCI transfers\n' );
document.write( '[    1.411281] pci 0000:00:01.0: PIIX3: Enabling Passive Release\n' );
document.write( '[    1.411281] pci 0000:00:01.0: Activating ISA DMA hang workarounds\n' );
document.write( '[    1.411281] pci 0000:00:02.0: Video device with shadowed ROM\n' );
document.write( '[    1.412314] PCI: CLS 0 bytes, default 64\n' );
document.write( '[    1.421315] Trying to unpack rootfs image as initramfs...\n' );
document.write( '[    3.975261] Freeing initrd memory: 5380K (ffff88003756e000 - ffff880037aaf000)\n' );
document.write( '[    3.976340] PCI-DMA: Using software bounce buffering for IO (SWIOTLB)\n' );
document.write( '[    3.976340] software IO TLB [mem 0xb7f00000-0xbbf00000] (64MB) mapped at [ffff8800b7f00000-ffff8800bbefffff]\n' );
document.write( '[    3.998228] futex hash table entries: 512 (order: 3, 32768 bytes)\n' );
document.write( '[    4.001241] audit: initializing netlink subsys (disabled)\n' );
document.write( '[    4.001241] audit: type=2000 audit(1532023613.001:1): initialized\n' );
document.write( '[    4.012503] HugeTLB registered 2 MB page size, pre-allocated 0 pages\n' );
document.write( '[    4.020332] VFS: Disk quotas dquot_6.6.0\n' );
document.write( '[    4.022257] VFS: Dquot-cache hash table entries: 512 (order 0, 4096 bytes)\n' );
document.write( '[    4.040255] squashfs: version 4.0 (2009/01/31) Phillip Lougher\n' );
document.write( '[    4.055256] NFS: Registering the id_resolver key type\n' );
document.write( '[    4.055256] Key type id_resolver registered\n' );
document.write( '[    4.055256] Key type id_legacy registered\n' );
document.write( '[    4.056267] nfs4filelayout_init: NFSv4 File Layout Driver Registering...\n' );
document.write( '[    4.092120] alg: No test for stdrng (krng)\n' );
document.write( '[    4.092120] bounce: pool size: 64 pages\n' );
document.write( '[    4.093281] Block layer SCSI generic (bsg) driver version 0.4 loaded (major 250)\n' );
document.write( '[    4.097879] io scheduler noop registered\n' );
document.write( '[    4.098437] io scheduler deadline registered\n' );
document.write( '[    4.098437] io scheduler cfq registered (default)\n' );
document.write( '[    4.100251] pci_hotplug: PCI Hot Plug PCI Core version: 0.5\n' );
document.write( '[    4.100251] pciehp: PCI Express Hot Plug Controller Driver version: 0.4\n' );
document.write( '[    4.102302] input: Power Button as /devices/LNXSYSTM:00/LNXPWRBN:00/input/input0\n' );
document.write( '[    4.102302] ACPI: Power Button [PWRF]\n' );
document.write( '[    4.105232] GHES: HEST is not enabled!\n' );
document.write( '[    4.164251] ACPI: PCI Interrupt Link [LNKC] enabled at IRQ 11\n' );
document.write( '[    4.166240] virtio-pci 0000:00:03.0: virtio_pci: leaving for legacy driver\n' );
document.write( '[    4.240321] ACPI: PCI Interrupt Link [LNKD] enabled at IRQ 10\n' );
document.write( '[    4.241262] virtio-pci 0000:00:04.0: virtio_pci: leaving for legacy driver\n' );
document.write( '[    4.297217] ACPI: PCI Interrupt Link [LNKA] enabled at IRQ 10\n' );
document.write( '[    4.297217] virtio-pci 0000:00:05.0: virtio_pci: leaving for legacy driver\n' );
document.write( '[    4.360268] ACPI: PCI Interrupt Link [LNKB] enabled at IRQ 11\n' );
document.write( '[    4.360268] virtio-pci 0000:00:06.0: virtio_pci: leaving for legacy driver\n' );
document.write( '[    4.423219] virtio-pci 0000:00:07.0: virtio_pci: leaving for legacy driver\n' );
document.write( '[    4.426311] Serial: 8250/16550 driver, 4 ports, IRQ sharing enabled\n' );
document.write( '[    4.465309] 00:05: ttyS0 at I/O 0x3f8 (irq = 4, base_baud = 115200) is a 16550A\n' );
document.write( '[    4.492284] brd: module loaded\n' );
document.write( '[    4.517408] ata_piix 0000:00:01.1: version 2.13\n' );
document.write( '[    4.532883] scsi host0: ata_piix\n' );
document.write( '[    4.535992] scsi host1: ata_piix\n' );
document.write( '[    4.536263] ata1: PATA max MWDMA2 cmd 0x1f0 ctl 0x3f6 bmdma 0xc0c0 irq 14\n' );
document.write( '[    4.536263] ata2: PATA max MWDMA2 cmd 0x170 ctl 0x376 bmdma 0xc0c8 irq 15\n' );
document.write( '[    4.540215] ehci_hcd: USB 2.0 \'Enhanced\' Host Controller (EHCI) Driver\n' );
document.write( '[    4.540215] ehci-pci: EHCI PCI platform driver\n' );
document.write( '[    4.541192] ohci_hcd: USB 1.1 \'Open\' Host Controller (OHCI) Driver\n' );
document.write( '[    4.541192] ohci-pci: OHCI PCI platform driver\n' );
document.write( '[    4.541192] usbcore: registered new interface driver usb-storage\n' );
document.write( '[    4.543160] usbcore: registered new interface driver usbserial\n' );
document.write( '[    4.543160] usbcore: registered new interface driver usbserial_generic\n' );
document.write( '[    4.543216] usbserial: USB Serial support registered for generic\n' );
document.write( '[    4.544274] i8042: PNP: PS/2 Controller [PNP0303:KBD,PNP0f13:MOU] at 0x60,0x64 irq 1,12\n' );
document.write( '[    4.554344] serio: i8042 KBD port at 0x60,0x64 irq 1\n' );
document.write( '[    4.554344] serio: i8042 AUX port at 0x60,0x64 irq 12\n' );
document.write( '[    4.556281] mousedev: PS/2 mouse device common for all mice\n' );
document.write( '[    4.559233] rtc_cmos 00:00: RTC can wake from S4\n' );
document.write( '[    4.560339] input: AT Translated Set 2 keyboard as /devices/platform/i8042/serio0/input/input1\n' );
document.write( '[    4.565107] rtc_cmos 00:00: rtc core: registered rtc_cmos as rtc0\n' );
document.write( '[    4.566282] rtc_cmos 00:00: alarms up to one day, 114 bytes nvram, hpet irqs\n' );
document.write( '[    4.566282] sdhci: Secure Digital Host Controller Interface driver\n' );
document.write( '[    4.566282] sdhci: Copyright(c) Pierre Ossman\n' );
document.write( '[    4.566282] sdhci-pltfm: SDHCI platform and OF driver helper\n' );
document.write( '[    4.567280] usbcore: registered new interface driver usbhid\n' );
document.write( '[    4.567280] usbhid: USB HID core driver\n' );
document.write( '[    4.570553] ip_tables: (C) 2000-2006 Netfilter Core Team\n' );
document.write( '[    4.598242] NET: Registered protocol family 10\n' );
document.write( '[    4.606259] NET: Registered protocol family 17\n' );
document.write( '[    4.607257] NET: Registered protocol family 15\n' );
document.write( '[    4.607257] Key type dns_resolver registered\n' );
document.write( '[    4.620903] registered taskstats version 1\n' );
document.write( '[    4.639459] rtc_cmos 00:00: setting system clock to 2018-07-19 18:06:55 UTC (1532023615)\n' );
document.write( '[    4.703358] ata1.01: NODEV after polling detection\n' );
document.write( '[    4.706350] ata1.00: ATA-7: QEMU HARDDISK, 2.2.1, max UDMA/100\n' );
document.write( '[    4.706350] ata1.00: 536870912 sectors, multi 16: LBA48 \n' );
document.write( '[    4.710882] ata1.00: configured for MWDMA2\n' );
document.write( '[    4.714269] scsi 0:0:0:0: Direct-Access     ATA      QEMU HARDDISK    1    PQ: 0 ANSI: 5\n' );
document.write( '[    4.717259] sd 0:0:0:0: Attached scsi generic sg0 type 0\n' );
document.write( '[    4.717259] sd 0:0:0:0: [sda] 536870912 512-byte logical blocks: (275 GB/256 GiB)\n' );
document.write( '[    4.718327] sd 0:0:0:0: [sda] Write Protect is off\n' );
document.write( '[    4.718327] sd 0:0:0:0: [sda] Mode Sense: 00 3a 00 00\n' );
document.write( '[    4.718654] sd 0:0:0:0: [sda] Write cache: enabled, read cache: enabled, doesn\'t support DPO or FUA\n' );
document.write( '[    4.875225]  sda: sda1 sda2 sda3 sda4\n' );
document.write( '[    4.876400] sd 0:0:0:0: [sda] Attached SCSI disk\n' );
document.write( '[    4.909265] Freeing unused kernel memory: 1208K (ffffffff81d43000 - ffffffff81e71000)\n' );
document.write( '[    4.909265] Write protecting the kernel read-only data: 12288k\n' );
document.write( '[    4.927257] Freeing unused kernel memory: 704K (ffff880001750000 - ffff880001800000)\n' );
document.write( '[    4.966197] Freeing unused kernel memory: 1684K (ffff880001a5b000 - ffff880001c00000)\n' );
document.write( '[    5.136219] systemd-udevd[74]: starting version 215\n' );
document.write( '[    5.140259] random: systemd-udevd urandom read with 34 bits of entropy available\n' );
document.write( '[    5.188387] hrtimer: interrupt took 4283960 ns\n' );
document.write( '[    5.770381] piix4_smbus 0000:00:01.3: SMBus Host Controller at 0x700, revision 0\n' );
document.write( '[    6.183936] random: nonblocking pool is initialized\n' );
document.write( '[    6.506075] device-mapper: uevent: version 1.0.3\n' );
document.write( '[    6.506346] device-mapper: ioctl: 4.31.0-ioctl (2015-3-12) initialised: dm-devel@redhat.com\n' );
document.write( '[    6.541260] raid6: sse2x1   gen()  6429 MB/s\n' );
document.write( '[    6.558247] raid6: sse2x1   xor()  1275 MB/s\n' );
document.write( '[    6.575310] raid6: sse2x2   gen()  4304 MB/s\n' );
document.write( '[    6.592230] raid6: sse2x2   xor()  5435 MB/s\n' );
document.write( '[    6.609207] raid6: sse2x4   gen()  9046 MB/s\n' );
document.write( '[    6.626185] raid6: sse2x4   xor()  6050 MB/s\n' );
document.write( '[    6.626185] raid6: using algorithm sse2x4 gen() 9046 MB/s\n' );
document.write( '[    6.626185] raid6: .... xor() 6050 MB/s, rmw enabled\n' );
document.write( '[    6.626185] raid6: using ssse3x2 recovery algorithm\n' );
document.write( '[    6.629244] xor: measuring software checksum speed\n' );
document.write( '[    6.639240]    prefetch64-sse:  7500.000 MB/sec\n' );
document.write( '[    6.649251]    generic_sse:  5420.000 MB/sec\n' );
document.write( '[    6.649251] xor: using function: prefetch64-sse (7500.000 MB/sec)\n' );
document.write( '[    6.745009] Btrfs loaded\n' );
document.write( '[    7.067800] BTRFS: device label CL-SYSTEM devid 1 transid 2677 /dev/sda4\n' );
document.write( '[    7.221237] BTRFS info (device sda4): disk space caching is enabled\n' );
document.write( '[    7.221237] BTRFS: has skinny extents\n' );
document.write( '[   16.848199] systemd[1]: systemd 215 running in system mode. (+PAM +AUDIT +SELINUX +IMA +SYSVINIT +LIBCRYPTSETUP +GCRYPT +ACL +XZ -SECCOMP -APPARMOR)\n' );
document.write( '[   16.848199] systemd[1]: Detected virtualization \'kvm\'.\n' );
document.write( '[   16.848199] systemd[1]: Detected architecture \'x86-64\'.\n' );
document.write( '[   17.414181] systemd[1]: Inserted module \'autofs4\'\n' );
document.write( '[   17.417973] systemd[1]: Set hostname to <oob-mgmt-server>.\n' );
document.write( '[   22.303186] systemd[1]: [/lib/systemd/system/docker.service:25] Unknown lvalue \'Delegate\' in section \'Service\'\n' );
document.write( '[   22.394267] systemd[1]: Starting Forward Password Requests to Wall Directory Watch.\n' );
document.write( '[   22.395205] systemd[1]: Started Forward Password Requests to Wall Directory Watch.\n' );
document.write( '[   22.395205] systemd[1]: Expecting device dev-ttyS0.device...\n' );
document.write( '[   22.401198] systemd[1]: Starting Remote File Systems (Pre).\n' );
document.write( '[   22.408317] systemd[1]: Reached target Remote File Systems (Pre).\n' );
document.write( '[   22.408317] systemd[1]: Starting Dispatch Password Requests to Console Directory Watch.\n' );
document.write( '[   22.408317] systemd[1]: Started Dispatch Password Requests to Console Directory Watch.\n' );
document.write( '[   22.409196] systemd[1]: Starting Arbitrary Executable File Formats File System Automount Point.\n' );
document.write( '[   22.417289] systemd[1]: Set up automount Arbitrary Executable File Formats File System Automount Point.\n' );
document.write( '[   22.417289] systemd[1]: Starting Swap.\n' );
document.write( '[   22.423210] systemd[1]: Reached target Swap.\n' );
document.write( '[   22.424175] systemd[1]: Expecting device dev-disk-byx2duuid-77e5d5f6x2d9568x2d4559x2d8513x2daaf6e20d1b5f.device...\n' );
document.write( '[   22.430184] systemd[1]: Starting Root Slice.\n' );
document.write( '[   22.437180] systemd[1]: Created slice Root Slice.\n' );
document.write( '[   22.437180] systemd[1]: Starting /dev/initctl Compatibility Named Pipe.\n' );
document.write( '[   22.444313] systemd[1]: Listening on /dev/initctl Compatibility Named Pipe.\n' );
document.write( '[   22.444313] systemd[1]: Starting Delayed Shutdown Socket.\n' );
document.write( '[   22.451192] systemd[1]: Listening on Delayed Shutdown Socket.\n' );
document.write( '[   22.452175] systemd[1]: Starting Journal Socket (/dev/log).\n' );
document.write( '[   22.459245] systemd[1]: Listening on Journal Socket (/dev/log).\n' );
document.write( '[   22.459245] systemd[1]: Starting LVM2 metadata daemon socket.\n' );
document.write( '[   22.466287] systemd[1]: Listening on LVM2 metadata daemon socket.\n' );
document.write( '[   22.466287] systemd[1]: Starting Device-mapper event daemon FIFOs.\n' );
document.write( '[   22.473193] systemd[1]: Listening on Device-mapper event daemon FIFOs.\n' );
document.write( '[   22.473193] systemd[1]: Starting User and Session Slice.\n' );
document.write( '[   22.482169] systemd[1]: Created slice User and Session Slice.\n' );
document.write( '[   22.482169] systemd[1]: Starting udev Control Socket.\n' );
document.write( '[   22.489210] systemd[1]: Listening on udev Control Socket.\n' );
document.write( '[   22.489210] systemd[1]: Starting udev Kernel Socket.\n' );
document.write( '[   22.496174] systemd[1]: Listening on udev Kernel Socket.\n' );
document.write( '[   22.496174] systemd[1]: Starting Journal Socket.\n' );
document.write( '[   22.503259] systemd[1]: Listening on Journal Socket.\n' );
document.write( '[   22.503259] systemd[1]: Starting System Slice.\n' );
document.write( '[   22.510222] systemd[1]: Created slice System Slice.\n' );
document.write( '[   22.511173] systemd[1]: Starting Increase datagram queue length...\n' );
document.write( '[   22.521207] systemd[1]: Mounting Huge Pages File System...\n' );
document.write( '[   22.533184] systemd[1]: Mounting POSIX Message Queue File System...\n' );
document.write( '[   22.542188] systemd[1]: Starting Create list of required static device nodes for the current kernel...\n' );
document.write( '[   22.556199] systemd[1]: Mounted Debug File System.\n' );
document.write( '[   23.054237] systemd[1]: Started Set Up Additional Binary Formats.\n' );
document.write( '[   23.054237] systemd[1]: Starting udev Coldplug all Devices...\n' );
document.write( '[   23.072196] systemd[1]: Starting system-getty.slice.\n' );
document.write( '[   23.086425] systemd[1]: Created slice system-getty.slice.\n' );
document.write( '[   23.086425] systemd[1]: Starting system-serialx2dgetty.slice.\n' );
document.write( '[   23.101413] systemd[1]: Created slice system-serialx2dgetty.slice.\n' );
document.write( '[   23.102179] systemd[1]: Starting Load Kernel Modules...\n' );
document.write( '[   23.115948] systemd[1]: Starting Slices.\n' );
document.write( '[   23.127167] systemd[1]: Reached target Slices.\n' );
document.write( '[   23.141374] systemd[1]: Mounted POSIX Message Queue File System.\n' );
document.write( '[   23.153288] systemd[1]: Mounted Huge Pages File System.\n' );
document.write( '[   23.173177] systemd[1]: Started Increase datagram queue length.\n' );
document.write( '[   23.191174] systemd[1]: Started Create list of required static device nodes for the current kernel.\n' );
document.write( '[   23.211186] systemd[1]: Starting Create Static Device Nodes in /dev...\n' );
document.write( '[   23.225191] systemd[1]: Starting Syslog Socket.\n' );
document.write( '[   23.237199] systemd[1]: Listening on Syslog Socket.\n' );
document.write( '[   23.238191] systemd[1]: Starting Journal Service...\n' );
document.write( '[   23.270358] systemd[1]: Started Journal Service.\n' );
document.write( '[   23.636174] loop: module loaded\n' );
document.write( '[   24.195175] Ethernet Channel Bonding Driver: v3.7.1 (April 27, 2011)\n' );
document.write( '[   24.195175] MII link monitoring set to 100 ms\n' );
document.write( '[   24.201202] systemd-udevd[258]: starting version 215\n' );
document.write( '[   24.532179] BTRFS info (device sda4): turning on flush-on-commit\n' );
document.write( '[   24.532179] BTRFS info (device sda4): disk space caching is enabled\n' );
document.write( '[   24.882232] bridge: automatic filtering via arp/ip/ip6tables has been deprecated. Update your scripts to load br_netfilter if you need this.\n' );
document.write( '[   25.085207] Bridge firewalling registered\n' );
document.write( '[   25.313206] tun: Universal TUN/TAP device driver, 1.6\n' );
document.write( '[   25.313206] tun: (C) 1999-2004 Max Krasnyansky <maxk@qualcomm.com>\n' );
document.write( '[   26.440301] cumulus_vx_platform: version 0.1 loaded\n' );
document.write( '[   26.721189] softdog: Software Watchdog Timer: 0.08 initialized. soft_noboot=0 soft_margin=60 sec soft_panic=0 (nowayout=0)\n' );
document.write( '[   26.990185] disallow multiple vlans in bridge\n' );
document.write( '[   26.990185] disable local fdb installation\n' );
document.write( '[   26.990185] set stp state - user\n' );
document.write( '[   27.012183] disable multicast ignore IPv6 solicited groups\n' );
document.write( '[   31.592149] systemd-journald[256]: Received request to flush runtime journal from PID 1\n' );
document.write( '[   35.860965] audit: type=1305 audit(1532023646.722:2): audit_pid=363 old=0 auid=4294967295 ses=4294967295 res=1\n' );
document.write( '[   38.374198] nf_conntrack version 0.5.0 (65536 buckets, 262144 max)\n' );
document.write( '[   46.791202] ip6_tables: (C) 2000-2006 Netfilter Core Team\n' );
document.write( '[   49.215178] Ebtables v2.0 registered\n' );
document.write( '[   53.394354] ISO 9660 Extensions: Microsoft Joliet Level 3\n' );
document.write( '[   53.402305] ISO 9660 Extensions: RRIP_1991A\n' );
document.write( '[   54.575255] BTRFS: new size for /dev/sda4 is 255728418816\n' );
document.write( '[   75.416266] Initializing XFRM netlink socket\n' );
document.write( '[   75.524281] Netfilter messages via NETLINK v0.30.\n' );
document.write( '[   75.545202] ctnetlink v0.93: registering with nfnetlink.\n' );
document.write( '[   76.221263] IPv6: ADDRCONF(NETDEV_UP): docker0: link is not ready\n' );
document.write( '</pre></td><td><pre>\n' );
document.write( '\n' );
document.write( 'Usage:\n' );
document.write( ' dmesg [options]\n' );
document.write( '\n' );
document.write( 'Options:\n' );
document.write( ' -C, --clear                 clear the kernel ring buffer\n' );
document.write( ' -c, --read-clear            read and clear all messages\n' );
document.write( ' -D, --console-off           disable printing messages to console\n' );
document.write( ' -E, --console-on            enable printing messages to console\n' );
document.write( ' -F, --file <file>           use the file instead of the kernel log buffer\n' );
document.write( ' -f, --facility <list>       restrict output to defined facilities\n' );
document.write( ' -H, --human                 human readable output\n' );
document.write( ' -k, --kernel                display kernel messages\n' );
document.write( ' -L, --color[=<when>]        colorize messages (auto, always or never)\n' );
document.write( ' -l, --level <list>          restrict output to defined levels\n' );
document.write( ' -n, --console-level <level> set level of messages printed to console\n' );
document.write( ' -P, --nopager               do not pipe output into a pager\n' );
document.write( ' -r, --raw                   print the raw message buffer\n' );
document.write( ' -S, --syslog                force to use syslog(2) rather than /dev/kmsg\n' );
document.write( ' -s, --buffer-size <size>    buffer size to query the kernel ring buffer\n' );
document.write( ' -u, --userspace             display userspace messages\n' );
document.write( ' -w, --follow                wait for new messages\n' );
document.write( ' -x, --decode                decode facility and level to readable string\n' );
document.write( ' -d, --show-delta            show time delta between printed messages\n' );
document.write( ' -e, --reltime               show local time and time delta in readable format\n' );
document.write( ' -T, --ctime                 show human readable timestamp\n' );
document.write( ' -t, --notime                don\'t print messages timestamp\n' );
document.write( '     --time-format <format>  show time stamp using format:\n' );
document.write( '                               [delta|reltime|ctime|notime|iso]\n' );
document.write( 'Suspending/resume will make ctime and iso timestamps inaccurate.\n' );
document.write( '\n' );
document.write( ' -h, --help     display this help and exit\n' );
document.write( ' -V, --version  output version information and exit\n' );
document.write( '\n' );
document.write( 'Supported log facilities:\n' );
document.write( '    kern - kernel messages\n' );
document.write( '    user - random user-level messages\n' );
document.write( '    mail - mail system\n' );
document.write( '  daemon - system daemons\n' );
document.write( '    auth - security/authorization messages\n' );
document.write( '  syslog - messages generated internally by syslogd\n' );
document.write( '     lpr - line printer subsystem\n' );
document.write( '    news - network news subsystem\n' );
document.write( '\n' );
document.write( 'Supported log levels (priorities):\n' );
document.write( '   emerg - system is unusable\n' );
document.write( '   alert - action must be taken immediately\n' );
document.write( '    crit - critical conditions\n' );
document.write( '     err - error conditions\n' );
document.write( '    warn - warning conditions\n' );
document.write( '  notice - normal but significant condition\n' );
document.write( '    info - informational\n' );
document.write( '   debug - debug-level messages\n' );
document.write( '\n' );
document.write( '\n' );
document.write( 'For more details see dmesg(1).\n' );
document.write( '</pre></td></tr><tr><th><pre>history</pre></th><td><pre>\n' );
document.write( 'nohup: failed to run command ‘history’: No such file or directory\n' );
document.write( '</pre></td><td><pre>\n' );
document.write( 'nohup: failed to run command ‘history’: No such file or directory\n' );
document.write( '</pre></td></tr><tr><th><pre>hostname</pre></th><td><pre>\n' );
document.write( 'oob-mgmt-server\n' );
document.write( '</pre></td><td><pre>\n' );
document.write( 'Usage: hostname [-b] {hostname|-F file}         set host name (from file)\n' );
document.write( '       hostname [-a|-A|-d|-f|-i|-I|-s|-y]       display formatted name\n' );
document.write( '       hostname                                 display host name\n' );
document.write( '\n' );
document.write( '       {yp,nis,}domainname {nisdomain|-F file}  set NIS domain name (from file)\n' );
document.write( '       {yp,nis,}domainname                      display NIS domain name\n' );
document.write( '\n' );
document.write( '       dnsdomainname                            display dns domain name\n' );
document.write( '\n' );
document.write( '       hostname -V|--version|-h|--help          print info and exit\n' );
document.write( '\n' );
document.write( 'Program name:\n' );
document.write( '       {yp,nis,}domainname=hostname -y\n' );
document.write( '       dnsdomainname=hostname -d\n' );
document.write( '\n' );
document.write( 'Program options:\n' );
document.write( '    -a, --alias            alias names\n' );
document.write( '    -A, --all-fqdns        all long host names (FQDNs)\n' );
document.write( '    -b, --boot             set default hostname if none available\n' );
document.write( '    -d, --domain           DNS domain name\n' );
document.write( '    -f, --fqdn, --long     long host name (FQDN)\n' );
document.write( '    -F, --file             read host name or NIS domain name from given file\n' );
document.write( '    -i, --ip-address       addresses for the host name\n' );
document.write( '    -I, --all-ip-addresses all addresses for the host\n' );
document.write( '    -s, --short            short host name\n' );
document.write( '    -y, --yp, --nis        NIS/YP domain name\n' );
document.write( '\n' );
document.write( 'Description:\n' );
document.write( '   This command can get or set the host name or the NIS domain name. You can\n' );
document.write( '   also get the DNS domain or the FQDN (fully qualified domain name).\n' );
document.write( '   Unless you are using bind or NIS for host lookups you can change the\n' );
document.write( '   FQDN (Fully Qualified Domain Name) and the DNS domain name (which is\n' );
document.write( '   part of the FQDN) in the /etc/hosts file.\n' );
document.write( '</pre></td></tr><tr><th><pre>date</pre></th><td><pre>\n' );
document.write( 'Thu Jul 19 20:44:21 UTC 2018\n' );
document.write( '</pre></td><td><pre>\n' );
document.write( 'Usage: date [OPTION]... [+FORMAT]\n' );
document.write( '  or:  date [-u|--utc|--universal] [MMDDhhmm[[CC]YY][.ss]]\n' );
document.write( 'Display the current time in the given FORMAT, or set the system date.\n' );
document.write( '\n' );
document.write( 'Mandatory arguments to long options are mandatory for short options too.\n' );
document.write( '  -d, --date=STRING         display time described by STRING, not \'now\'\n' );
document.write( '  -f, --file=DATEFILE       like --date once for each line of DATEFILE\n' );
document.write( '  -I[TIMESPEC], --iso-8601[=TIMESPEC]  output date/time in ISO 8601 format.\n' );
document.write( '                            TIMESPEC=\'date\' for date only (the default),\n' );
document.write( '                            \'hours\', \'minutes\', \'seconds\', or \'ns\' for date\n' );
document.write( '                            and time to the indicated precision.\n' );
document.write( '  -r, --reference=FILE      display the last modification time of FILE\n' );
document.write( '  -R, --rfc-2822            output date and time in RFC 2822 format.\n' );
document.write( '                            Example: Mon, 07 Aug 2006 12:34:56 -0600\n' );
document.write( '      --rfc-3339=TIMESPEC   output date and time in RFC 3339 format.\n' );
document.write( '                            TIMESPEC=\'date\', \'seconds\', or \'ns\' for\n' );
document.write( '                            date and time to the indicated precision.\n' );
document.write( '                            Date and time components are separated by\n' );
document.write( '                            a single space: 2006-08-07 12:34:56-06:00\n' );
document.write( '  -s, --set=STRING          set time described by STRING\n' );
document.write( '  -u, --utc, --universal    print or set Coordinated Universal Time (UTC)\n' );
document.write( '      --help     display this help and exit\n' );
document.write( '      --version  output version information and exit\n' );
document.write( '\n' );
document.write( 'FORMAT controls the output.  Interpreted sequences are:\n' );
document.write( '\n' );
document.write( '  %%   a literal %\n' );
document.write( '  %a   locale\'s abbreviated weekday name (e.g., Sun)\n' );
document.write( '  %A   locale\'s full weekday name (e.g., Sunday)\n' );
document.write( '  %b   locale\'s abbreviated month name (e.g., Jan)\n' );
document.write( '  %B   locale\'s full month name (e.g., January)\n' );
document.write( '  %c   locale\'s date and time (e.g., Thu Mar  3 23:05:25 2005)\n' );
document.write( '  %C   century; like %Y, except omit last two digits (e.g., 20)\n' );
document.write( '  %d   day of month (e.g., 01)\n' );
document.write( '  %D   date; same as %m/%d/%y\n' );
document.write( '  %e   day of month, space padded; same as %_d\n' );
document.write( '  %F   full date; same as %Y-%m-%d\n' );
document.write( '  %g   last two digits of year of ISO week number (see %G)\n' );
document.write( '  %G   year of ISO week number (see %V); normally useful only with %V\n' );
document.write( '  %h   same as %b\n' );
document.write( '  %H   hour (00..23)\n' );
document.write( '  %I   hour (01..12)\n' );
document.write( '  %j   day of year (001..366)\n' );
document.write( '  %k   hour, space padded ( 0..23); same as %_H\n' );
document.write( '  %l   hour, space padded ( 1..12); same as %_I\n' );
document.write( '  %m   month (01..12)\n' );
document.write( '  %M   minute (00..59)\n' );
document.write( '  %n   a newline\n' );
document.write( '  %N   nanoseconds (000000000..999999999)\n' );
document.write( '  %p   locale\'s equivalent of either AM or PM; blank if not known\n' );
document.write( '  %P   like %p, but lower case\n' );
document.write( '  %r   locale\'s 12-hour clock time (e.g., 11:11:04 PM)\n' );
document.write( '  %R   24-hour hour and minute; same as %H:%M\n' );
document.write( '  %s   seconds since 1970-01-01 00:00:00 UTC\n' );
document.write( '  %S   second (00..60)\n' );
document.write( '  %t   a tab\n' );
document.write( '  %T   time; same as %H:%M:%S\n' );
document.write( '  %u   day of week (1..7); 1 is Monday\n' );
document.write( '  %U   week number of year, with Sunday as first day of week (00..53)\n' );
document.write( '  %V   ISO week number, with Monday as first day of week (01..53)\n' );
document.write( '  %w   day of week (0..6); 0 is Sunday\n' );
document.write( '  %W   week number of year, with Monday as first day of week (00..53)\n' );
document.write( '  %x   locale\'s date representation (e.g., 12/31/99)\n' );
document.write( '  %X   locale\'s time representation (e.g., 23:13:48)\n' );
document.write( '  %y   last two digits of year (00..99)\n' );
document.write( '  %Y   year\n' );
document.write( '  %z   +hhmm numeric time zone (e.g., -0400)\n' );
document.write( '  %:z  +hh:mm numeric time zone (e.g., -04:00)\n' );
document.write( '  %::z  +hh:mm:ss numeric time zone (e.g., -04:00:00)\n' );
document.write( '  %:::z  numeric time zone with : to necessary precision (e.g., -04, +05:30)\n' );
document.write( '  %Z   alphabetic time zone abbreviation (e.g., EDT)\n' );
document.write( '\n' );
document.write( 'By default, date pads numeric fields with zeroes.\n' );
document.write( 'The following optional flags may follow \'%\':\n' );
document.write( '\n' );
document.write( '  -  (hyphen) do not pad the field\n' );
document.write( '  _  (underscore) pad with spaces\n' );
document.write( '  0  (zero) pad with zeros\n' );
document.write( '  ^  use upper case if possible\n' );
document.write( '  #  use opposite case if possible\n' );
document.write( '\n' );
document.write( 'After any flags comes an optional field width, as a decimal number;\n' );
document.write( 'then an optional modifier, which is either\n' );
document.write( 'E to use the locale\'s alternate representations if available, or\n' );
document.write( 'O to use the locale\'s alternate numeric symbols if available.\n' );
document.write( '\n' );
document.write( 'Examples:\n' );
document.write( 'Convert seconds since the epoch (1970-01-01 UTC) to a date\n' );
document.write( '  $ date --date=\'@2147483647\'\n' );
document.write( '\n' );
document.write( 'Show the time on the west coast of the US (use tzselect(1) to find TZ)\n' );
document.write( '  $ TZ=\'America/Los_Angeles\' date\n' );
document.write( '\n' );
document.write( 'Show the local time for 9AM next Friday on the west coast of the US\n' );
document.write( '  $ date --date=\'TZ=\"America/Los_Angeles\" 09:00 next Fri\'\n' );
document.write( '\n' );
document.write( 'GNU coreutils online help: <http://www.gnu.org/software/coreutils/>\n' );
document.write( 'Full documentation at: <http://www.gnu.org/software/coreutils/date>\n' );
document.write( 'or available locally via: info \'(coreutils) date invocation\'\n' );
document.write( '\n' );
document.write( 'date: invalid option -- \'h\'\n' );
document.write( 'Try \'date --help\' for more information.\n' );
document.write( '</pre></td></tr><tr><th><pre>uname -a</pre></th><td><pre>\n' );
document.write( 'Linux oob-mgmt-server 4.1.0-cl-6-amd64 #1 SMP Cumulus 4.1.33-1+cl3u12 (2018-02-25) x86_64 GNU/Linux\n' );
document.write( '</pre></td><td><pre>\n' );
document.write( 'Usage: uname [OPTION]...\n' );
document.write( 'Print certain system information.  With no OPTION, same as -s.\n' );
document.write( '\n' );
document.write( '  -a, --all                print all information, in the following order,\n' );
document.write( '                             except omit -p and -i if unknown:\n' );
document.write( '  -s, --kernel-name        print the kernel name\n' );
document.write( '  -n, --nodename           print the network node hostname\n' );
document.write( '  -r, --kernel-release     print the kernel release\n' );
document.write( '  -v, --kernel-version     print the kernel version\n' );
document.write( '  -m, --machine            print the machine hardware name\n' );
document.write( '  -p, --processor          print the processor type or \"unknown\"\n' );
document.write( '  -i, --hardware-platform  print the hardware platform or \"unknown\"\n' );
document.write( '  -o, --operating-system   print the operating system\n' );
document.write( '      --help     display this help and exit\n' );
document.write( '      --version  output version information and exit\n' );
document.write( '\n' );
document.write( 'GNU coreutils online help: <http://www.gnu.org/software/coreutils/>\n' );
document.write( 'Full documentation at: <http://www.gnu.org/software/coreutils/uname>\n' );
document.write( 'or available locally via: info \'(coreutils) uname invocation\'\n' );
document.write( '\n' );
document.write( 'uname: invalid option -- \'h\'\n' );
document.write( 'Try \'uname --help\' for more information.\n' );
document.write( '</pre></td></tr><tr><th><pre>net show version</pre></th><td><pre>\n' );
document.write( 'NCLU_VERSION=1.0\n' );
document.write( 'DISTRIB_ID=\"Cumulus Linux\"\n' );
document.write( 'DISTRIB_RELEASE=3.5.3\n' );
document.write( 'DISTRIB_DESCRIPTION=\"Cumulus Linux 3.5.3\"\n' );
document.write( '</pre></td><td><pre>\n' );
document.write( 'The following commands contain keyword(s) \'show\', \'version\'\n' );
document.write( '\n' );
document.write( '    net show version\n' );
document.write( '\n' );
document.write( '</pre></td></tr><tr><th><pre>net show system</pre></th><td><pre>\n' );
document.write( 'Cumulus VX\n' );
document.write( 'Cumulus Linux 3.5.3\n' );
document.write( 'Build: Cumulus Linux 3.5.3\n' );
document.write( 'Uptime: 2:37:32.020000\n' );
document.write( '</pre></td><td><pre>\n' );
document.write( 'The following commands contain keyword(s) \'show\', \'system\'\n' );
document.write( '\n' );
document.write( '    net show system\n' );
document.write( '\n' );
document.write( '</pre></td></tr></table><h1>Logging</h1><table border=1><tr><th>command</th><td>command</td><td>help</td></tr><tr><th><pre>cat /etc/rsyslog.d/11-remotesyslog.conf</pre></th><td><pre>\n' );
document.write( '# This file was automatically generated by NCLU.\n' );
document.write( '</pre></td><td><pre>\n' );
document.write( 'Usage: cat [OPTION]... [FILE]...\n' );
document.write( 'Concatenate FILE(s), or standard input, to standard output.\n' );
document.write( '\n' );
document.write( '  -A, --show-all           equivalent to -vET\n' );
document.write( '  -b, --number-nonblank    number nonempty output lines, overrides -n\n' );
document.write( '  -e                       equivalent to -vE\n' );
document.write( '  -E, --show-ends          display $ at end of each line\n' );
document.write( '  -n, --number             number all output lines\n' );
document.write( '  -s, --squeeze-blank      suppress repeated empty output lines\n' );
document.write( '  -t                       equivalent to -vT\n' );
document.write( '  -T, --show-tabs          display TAB characters as ^I\n' );
document.write( '  -u                       (ignored)\n' );
document.write( '  -v, --show-nonprinting   use ^ and M- notation, except for LFD and TAB\n' );
document.write( '      --help     display this help and exit\n' );
document.write( '      --version  output version information and exit\n' );
document.write( '\n' );
document.write( 'With no FILE, or when FILE is -, read standard input.\n' );
document.write( '\n' );
document.write( 'Examples:\n' );
document.write( '  cat f - g  Output f\'s contents, then standard input, then g\'s contents.\n' );
document.write( '  cat        Copy standard input to standard output.\n' );
document.write( '\n' );
document.write( 'GNU coreutils online help: <http://www.gnu.org/software/coreutils/>\n' );
document.write( 'Full documentation at: <http://www.gnu.org/software/coreutils/cat>\n' );
document.write( 'or available locally via: info \'(coreutils) cat invocation\'\n' );
document.write( '\n' );
document.write( 'cat: invalid option -- \'h\'\n' );
document.write( 'Try \'cat --help\' for more information.\n' );
document.write( '</pre></td></tr><tr><th><pre>cat /etc/rsyslog.conf</pre></th><td><pre>\n' );
document.write( '#  /etc/rsyslog.conf	Configuration file for rsyslog.\n' );
document.write( '#\n' );
document.write( '#			For more information see\n' );
document.write( '#			/usr/share/doc/rsyslog-doc/html/rsyslog_conf.html\n' );
document.write( '\n' );
document.write( '\n' );
document.write( '#################\n' );
document.write( '#### MODULES ####\n' );
document.write( '#################\n' );
document.write( '\n' );
document.write( '$ModLoad imuxsock # provides support for local system logging\n' );
document.write( '$ModLoad imklog   # provides kernel logging support\n' );
document.write( '#$ModLoad immark  # provides --MARK-- message capability\n' );
document.write( '\n' );
document.write( '# provides UDP syslog reception\n' );
document.write( '#$ModLoad imudp\n' );
document.write( '#$UDPServerRun 514\n' );
document.write( '\n' );
document.write( '# provides TCP syslog reception\n' );
document.write( '#$ModLoad imtcp\n' );
document.write( '#$InputTCPServerRun 514\n' );
document.write( '\n' );
document.write( '# To forward messages to a remote host with Management VRF:\n' );
document.write( '#action(type=\"omfwd\" Target=\"name or ip here\" Device=\"mgmt\" Port=\"514\" Protocol=\"udp\")\n' );
document.write( '\n' );
document.write( '###########################\n' );
document.write( '#### GLOBAL DIRECTIVES ####\n' );
document.write( '###########################\n' );
document.write( '\n' );
document.write( '#\n' );
document.write( '# Use traditional timestamp format.\n' );
document.write( '# To enable high precision timestamps, comment out the following line.\n' );
document.write( '#\n' );
document.write( '$ActionFileDefaultTemplate RSYSLOG_TraditionalFileFormat\n' );
document.write( '\n' );
document.write( '#\n' );
document.write( '# Set the default permissions for all log files.\n' );
document.write( '#\n' );
document.write( '$FileOwner logger\n' );
document.write( '$FileGroup logging\n' );
document.write( '$FileCreateMode 0666\n' );
document.write( '$DirCreateMode 0777\n' );
document.write( '$Umask 0022\n' );
document.write( '\n' );
document.write( '#\n' );
document.write( '# Where to place spool and state files\n' );
document.write( '#\n' );
document.write( '$WorkDirectory /var/spool/rsyslog\n' );
document.write( '\n' );
document.write( '#\n' );
document.write( '# Include all config files in /etc/rsyslog.d/\n' );
document.write( '#\n' );
document.write( '$IncludeConfig /etc/rsyslog.d/*.conf\n' );
document.write( '\n' );
document.write( '\n' );
document.write( '###############\n' );
document.write( '#### RULES ####\n' );
document.write( '###############\n' );
document.write( '\n' );
document.write( '# Cumulus Linux program specific logfiles are configured by files in\n' );
document.write( '# the /etc/rsyslog.d/ directory.  Precision timestamping is one of those\n' );
document.write( '# rules.\n' );
document.write( '\n' );
document.write( '# Cumulus departs from the traditional UNIX set of log files, and logs\n' );
document.write( '# all standard messages to a single file, syslog.\n' );
document.write( '\n' );
document.write( '# Edit /etc/rsyslog.d/99-syslog.conf to change this behavior, if you wish to\n' );
document.write( '# add your own rules below this line.\n' );
document.write( '\n' );
document.write( '# Other Cumulus Linux logs are controlled by files in /etc/rsyslog.d/\n' );
document.write( '\n' );
document.write( '# It is simpler and avoids merging configuration changes, if you add your\n' );
document.write( '# own rules in new files in the /etc/rsyslog.d directory\n' );
document.write( '\n' );
document.write( '#\n' );
document.write( '# Emergencies are sent to everybody logged in.\n' );
document.write( '#\n' );
document.write( '*.emerg				:omusrmsg:*\n' );
document.write( '\n' );
document.write( '</pre></td><td><pre>\n' );
document.write( 'Usage: cat [OPTION]... [FILE]...\n' );
document.write( 'Concatenate FILE(s), or standard input, to standard output.\n' );
document.write( '\n' );
document.write( '  -A, --show-all           equivalent to -vET\n' );
document.write( '  -b, --number-nonblank    number nonempty output lines, overrides -n\n' );
document.write( '  -e                       equivalent to -vE\n' );
document.write( '  -E, --show-ends          display $ at end of each line\n' );
document.write( '  -n, --number             number all output lines\n' );
document.write( '  -s, --squeeze-blank      suppress repeated empty output lines\n' );
document.write( '  -t                       equivalent to -vT\n' );
document.write( '  -T, --show-tabs          display TAB characters as ^I\n' );
document.write( '  -u                       (ignored)\n' );
document.write( '  -v, --show-nonprinting   use ^ and M- notation, except for LFD and TAB\n' );
document.write( '      --help     display this help and exit\n' );
document.write( '      --version  output version information and exit\n' );
document.write( '\n' );
document.write( 'With no FILE, or when FILE is -, read standard input.\n' );
document.write( '\n' );
document.write( 'Examples:\n' );
document.write( '  cat f - g  Output f\'s contents, then standard input, then g\'s contents.\n' );
document.write( '  cat        Copy standard input to standard output.\n' );
document.write( '\n' );
document.write( 'GNU coreutils online help: <http://www.gnu.org/software/coreutils/>\n' );
document.write( 'Full documentation at: <http://www.gnu.org/software/coreutils/cat>\n' );
document.write( 'or available locally via: info \'(coreutils) cat invocation\'\n' );
document.write( '\n' );
document.write( 'cat: invalid option -- \'h\'\n' );
document.write( 'Try \'cat --help\' for more information.\n' );
document.write( '</pre></td></tr><tr><th><pre>sudo systemctl status rsyslog.service</pre></th><td><pre>\n' );
document.write( '● rsyslog.service - System Logging Service\n' );
document.write( '   Loaded: loaded (/lib/systemd/system/rsyslog.service; enabled)\n' );
document.write( '   Active: active (running) since Thu 2018-07-19 18:07:32 UTC; 2h 36min ago\n' );
document.write( '     Docs: man:rsyslogd(8)\n' );
document.write( '           http://www.rsyslog.com/doc/\n' );
document.write( ' Main PID: 441 (rsyslogd)\n' );
document.write( '   CGroup: /system.slice/rsyslog.service\n' );
document.write( '           └─441 /usr/sbin/rsyslogd -n\n' );
document.write( '\n' );
document.write( 'Jul 19 18:07:32 oob-mgmt-server rsyslogd[441]: rsyslogd: warning: ~ action is deprecated, consider using the \'stop\' statement instead [try http://www.rsyslog.com/e/2307 ]\n' );
document.write( 'Jul 19 18:07:32 oob-mgmt-server systemd[1]: Started System Logging Service.\n' );
document.write( '</pre></td><td><pre>\n' );
document.write( 'systemctl [OPTIONS...] {COMMAND} ...\n' );
document.write( '\n' );
document.write( 'Query or send control commands to the systemd manager.\n' );
document.write( '\n' );
document.write( '  -h --help           Show this help\n' );
document.write( '     --version        Show package version\n' );
document.write( '     --system         Connect to system manager\n' );
document.write( '     --user           Connect to user service manager\n' );
document.write( '  -H --host=[USER@]HOST\n' );
document.write( '                      Operate on remote host\n' );
document.write( '  -M --machine=CONTAINER\n' );
document.write( '                      Operate on local container\n' );
document.write( '  -t --type=TYPE      List only units of a particular type\n' );
document.write( '     --state=STATE    List only units with particular LOAD or SUB or ACTIVE state\n' );
document.write( '  -p --property=NAME  Show only properties by this name\n' );
document.write( '  -a --all            Show all loaded units/properties, including dead/empty\n' );
document.write( '                      ones. To list all units installed on the system, use\n' );
document.write( '                      the \'list-unit-files\' command instead.\n' );
document.write( '  -l --full           Don\'t ellipsize unit names on output\n' );
document.write( '  -r --recursive      Show unit list of host and local containers\n' );
document.write( '     --reverse        Show reverse dependencies with \'list-dependencies\'\n' );
document.write( '     --job-mode=MODE  Specify how to deal with already queued jobs, when\n' );
document.write( '                      queueing a new job\n' );
document.write( '     --show-types     When showing sockets, explicitly show their type\n' );
document.write( '  -i --ignore-inhibitors\n' );
document.write( '                      When shutting down or sleeping, ignore inhibitors\n' );
document.write( '     --kill-who=WHO   Who to send signal to\n' );
document.write( '  -s --signal=SIGNAL  Which signal to send\n' );
document.write( '  -q --quiet          Suppress output\n' );
document.write( '     --no-block       Do not wait until operation finished\n' );
document.write( '     --no-wall        Don\'t send wall message before halt/power-off/reboot\n' );
document.write( '     --no-reload      When enabling/disabling unit files, don\'t reload daemon\n' );
document.write( '                      configuration\n' );
document.write( '     --no-legend      Do not print a legend (column headers and hints)\n' );
document.write( '     --no-pager       Do not pipe output into a pager\n' );
document.write( '     --no-ask-password\n' );
document.write( '                      Do not ask for system passwords\n' );
document.write( '     --global         Enable/disable unit files globally\n' );
document.write( '     --runtime        Enable unit files only temporarily until next reboot\n' );
document.write( '  -f --force          When enabling unit files, override existing symlinks\n' );
document.write( '                      When shutting down, execute action immediately\n' );
document.write( '     --preset-mode=   Specifies whether fully apply presets, or only enable,\n' );
document.write( '                      or only disable\n' );
document.write( '     --root=PATH      Enable unit files in the specified root directory\n' );
document.write( '  -n --lines=INTEGER  Number of journal entries to show\n' );
document.write( '  -o --output=STRING  Change journal output mode (short, short-monotonic,\n' );
document.write( '                      verbose, export, json, json-pretty, json-sse, cat)\n' );
document.write( '     --plain          Print unit dependencies as a list instead of a tree\n' );
document.write( '\n' );
document.write( 'Unit Commands:\n' );
document.write( '  list-units [PATTERN...]         List loaded units\n' );
document.write( '  list-sockets [PATTERN...]       List loaded sockets ordered by address\n' );
document.write( '  list-timers [PATTERN...]        List loaded timers ordered by next elapse\n' );
document.write( '  start NAME...                   Start (activate) one or more units\n' );
document.write( '  stop NAME...                    Stop (deactivate) one or more units\n' );
document.write( '  reload NAME...                  Reload one or more units\n' );
document.write( '  restart NAME...                 Start or restart one or more units\n' );
document.write( '  try-restart NAME...             Restart one or more units if active\n' );
document.write( '  reload-or-restart NAME...       Reload one or more units if possible,\n' );
document.write( '                                  otherwise start or restart\n' );
document.write( '  reload-or-try-restart NAME...   Reload one or more units if possible,\n' );
document.write( '                                  otherwise restart if active\n' );
document.write( '  isolate NAME                    Start one unit and stop all others\n' );
document.write( '  kill NAME...                    Send signal to processes of a unit\n' );
document.write( '  is-active PATTERN...            Check whether units are active\n' );
document.write( '  is-failed PATTERN...            Check whether units are failed\n' );
document.write( '  status [PATTERN...|PID...]      Show runtime status of one or more units\n' );
document.write( '  show [PATTERN...|JOB...]        Show properties of one or more\n' );
document.write( '                                  units/jobs or the manager\n' );
document.write( '  cat PATTERN...                  Show files and drop-ins of one or more units\n' );
document.write( '  set-property NAME ASSIGNMENT... Sets one or more properties of a unit\n' );
document.write( '  help PATTERN...|PID...          Show manual for one or more units\n' );
document.write( '  reset-failed [PATTERN...]       Reset failed state for all, one, or more\n' );
document.write( '                                  units\n' );
document.write( '  list-dependencies [NAME]        Recursively show units which are required\n' );
document.write( '                                  or wanted by this unit or by which this\n' );
document.write( '                                  unit is required or wanted\n' );
document.write( '\n' );
document.write( 'Unit File Commands:\n' );
document.write( '  list-unit-files [PATTERN...]    List installed unit files\n' );
document.write( '  enable NAME...                  Enable one or more unit files\n' );
document.write( '  disable NAME...                 Disable one or more unit files\n' );
document.write( '  reenable NAME...                Reenable one or more unit files\n' );
document.write( '  preset NAME...                  Enable/disable one or more unit files\n' );
document.write( '                                  based on preset configuration\n' );
document.write( '  preset-all                      Enable/disable all unit files based on\n' );
document.write( '                                  preset configuration\n' );
document.write( '  is-enabled NAME...              Check whether unit files are enabled\n' );
document.write( '\n' );
document.write( '  mask NAME...                    Mask one or more units\n' );
document.write( '  unmask NAME...                  Unmask one or more units\n' );
document.write( '  link PATH...                    Link one or more units files into\n' );
document.write( '                                  the search path\n' );
document.write( '  get-default                     Get the name of the default target\n' );
document.write( '  set-default NAME                Set the default target\n' );
document.write( '\n' );
document.write( 'Machine Commands:\n' );
document.write( '  list-machines [PATTERN...]      List local containers and host\n' );
document.write( '\n' );
document.write( 'Job Commands:\n' );
document.write( '  list-jobs [PATTERN...]          List jobs\n' );
document.write( '  cancel [JOB...]                 Cancel all, one, or more jobs\n' );
document.write( '\n' );
document.write( 'Snapshot Commands:\n' );
document.write( '  snapshot [NAME]                 Create a snapshot\n' );
document.write( '  delete NAME...                  Remove one or more snapshots\n' );
document.write( '\n' );
document.write( 'Environment Commands:\n' );
document.write( '  show-environment                Dump environment\n' );
document.write( '  set-environment NAME=VALUE...   Set one or more environment variables\n' );
document.write( '  unset-environment NAME...       Unset one or more environment variables\n' );
document.write( '  import-environment NAME...      Import all, one or more environment variables\n' );
document.write( '\n' );
document.write( 'Manager Lifecycle Commands:\n' );
document.write( '  daemon-reload                   Reload systemd manager configuration\n' );
document.write( '  daemon-reexec                   Reexecute systemd manager\n' );
document.write( '\n' );
document.write( 'System Commands:\n' );
document.write( '  is-system-running               Check whether system is fully running\n' );
document.write( '  default                         Enter system default mode\n' );
document.write( '  rescue                          Enter system rescue mode\n' );
document.write( '  emergency                       Enter system emergency mode\n' );
document.write( '  halt                            Shut down and halt the system\n' );
document.write( '  poweroff                        Shut down and power-off the system\n' );
document.write( '  reboot [ARG]                    Shut down and reboot the system\n' );
document.write( '  kexec                           Shut down and reboot the system with kexec\n' );
document.write( '  exit                            Request user instance exit\n' );
document.write( '  switch-root ROOT [INIT]         Change to a different root file system\n' );
document.write( '  suspend                         Suspend the system\n' );
document.write( '  hibernate                       Hibernate the system\n' );
document.write( '  hybrid-sleep                    Hibernate and suspend the system\n' );
document.write( '</pre></td></tr></table><h1>System Resources</h1><table border=1><tr><th>command</th><td>command</td><td>help</td></tr><tr><th><pre>sudo cl-resource-query</pre></th><td><pre>\n' );
document.write( 'route table mode is not available\n' );
document.write( '</pre></td><td><pre>\n' );
document.write( 'usage: cl-resource-query [-h] [-k | -j]\n' );
document.write( '\n' );
document.write( 'Cumulus Resource Reporting\n' );
document.write( '\n' );
document.write( 'optional arguments:\n' );
document.write( '  -h, --help       show this help message and exit\n' );
document.write( '  -k, --key-value  Report key=value pairs\n' );
document.write( '  -j, --json       Display JSON output\n' );
document.write( '</pre></td></tr><tr><th><pre>top</pre></th><td><pre>\n' );
document.write( '\'unknown\': unknown terminal type.\n' );
document.write( '</pre></td><td><pre>\n' );
document.write( 'top: inappropriate \'-help\'\n' );
document.write( 'Usage:\n' );
document.write( '  top -hv | -bcHiOSs -d secs -n max -u|U user -p pid(s) -o field -w [cols]\n' );
document.write( '\n' );
document.write( '  procps-ng version 3.3.9\n' );
document.write( 'Usage:\n' );
document.write( '  top -hv | -bcHiOSs -d secs -n max -u|U user -p pid(s) -o field -w [cols]\n' );
document.write( '</pre></td></tr><tr><th><pre>ps -elf</pre></th><td><pre>\n' );
document.write( 'F S UID        PID  PPID  C PRI  NI ADDR SZ WCHAN  STIME TTY          TIME CMD\n' );
document.write( '4 S root         1     0  0  80   0 -  7348 ep_pol 18:06 ?        00:00:45 /sbin/init\n' );
document.write( '1 S root         2     0  0  80   0 -     0 kthrea 18:06 ?        00:00:00 [kthreadd]\n' );
document.write( '1 S root         3     2  0  80   0 -     0 smpboo 18:06 ?        00:01:00 [ksoftirqd/0]\n' );
document.write( '1 S root         5     2  0  60 -20 -     0 worker 18:06 ?        00:00:00 [kworker/0:0H]\n' );
document.write( '1 R root         7     2  0  80   0 -     0 -      18:06 ?        00:00:07 [rcu_sched]\n' );
document.write( '1 S root         8     2  0  80   0 -     0 rcu_gp 18:06 ?        00:00:00 [rcu_bh]\n' );
document.write( '1 S root         9     2  0 -40   - -     0 smpboo 18:06 ?        00:00:02 [migration/0]\n' );
document.write( '5 S root        10     2  0 -40   - -     0 smpboo 18:06 ?        00:00:00 [watchdog/0]\n' );
document.write( '5 S root        11     2  0 -40   - -     0 smpboo 18:06 ?        00:00:00 [watchdog/1]\n' );
document.write( '1 S root        12     2  0 -40   - -     0 smpboo 18:06 ?        00:00:02 [migration/1]\n' );
document.write( '1 S root        13     2  0  80   0 -     0 smpboo 18:06 ?        00:01:01 [ksoftirqd/1]\n' );
document.write( '1 S root        15     2  0  60 -20 -     0 worker 18:06 ?        00:00:00 [kworker/1:0H]\n' );
document.write( '1 S root        16     2  0  60 -20 -     0 rescue 18:06 ?        00:00:00 [khelper]\n' );
document.write( '5 S root        17     2  0  80   0 -     0 devtmp 18:06 ?        00:00:00 [kdevtmpfs]\n' );
document.write( '1 S root        18     2  0  60 -20 -     0 rescue 18:06 ?        00:00:00 [netns]\n' );
document.write( '1 S root        19     2  0  60 -20 -     0 rescue 18:06 ?        00:00:00 [perf]\n' );
document.write( '1 S root        20     2  0  80   0 -     0 watchd 18:06 ?        00:00:00 [khungtaskd]\n' );
document.write( '1 S root        21     2  0  60 -20 -     0 rescue 18:06 ?        00:00:00 [writeback]\n' );
document.write( '1 S root        23     2  0  85   5 -     0 ksm_sc 18:06 ?        00:00:00 [ksmd]\n' );
document.write( '1 S root        24     2  0  99  19 -     0 khugep 18:06 ?        00:00:00 [khugepaged]\n' );
document.write( '1 S root        25     2  0  60 -20 -     0 rescue 18:06 ?        00:00:00 [crypto]\n' );
document.write( '1 S root        26     2  0  60 -20 -     0 rescue 18:06 ?        00:00:00 [kintegrityd]\n' );
document.write( '1 S root        27     2  0  60 -20 -     0 rescue 18:06 ?        00:00:00 [bioset]\n' );
document.write( '1 S root        28     2  0  60 -20 -     0 rescue 18:06 ?        00:00:00 [kblockd]\n' );
document.write( '1 S root        29     2  0  60 -20 -     0 rescue 18:06 ?        00:00:00 [ata_sff]\n' );
document.write( '1 S root        30     2  0  60 -20 -     0 rescue 18:06 ?        00:00:00 [edac-poller]\n' );
document.write( '1 S root        32     2  0  60 -20 -     0 rescue 18:06 ?        00:00:00 [rpciod]\n' );
document.write( '1 S root        33     2  0  80   0 -     0 kswapd 18:06 ?        00:00:00 [kswapd0]\n' );
document.write( '1 S root        34     2  0  80   0 -     0 fsnoti 18:06 ?        00:00:00 [fsnotify_mark]\n' );
document.write( '1 S root        35     2  0  60 -20 -     0 rescue 18:06 ?        00:00:00 [nfsiod]\n' );
document.write( '1 S root        44     2  0  60 -20 -     0 rescue 18:06 ?        00:00:00 [kthrotld]\n' );
document.write( '1 S root        45     2  0  80   0 -     0 scsi_e 18:06 ?        00:00:00 [scsi_eh_0]\n' );
document.write( '1 S root        46     2  0  60 -20 -     0 rescue 18:06 ?        00:00:00 [scsi_tmf_0]\n' );
document.write( '1 S root        47     2  0  80   0 -     0 scsi_e 18:06 ?        00:00:00 [scsi_eh_1]\n' );
document.write( '1 S root        48     2  0  60 -20 -     0 rescue 18:06 ?        00:00:00 [scsi_tmf_1]\n' );
document.write( '1 S root        51     2  0  60 -20 -     0 rescue 18:06 ?        00:00:00 [ipv6_addrconf]\n' );
document.write( '1 S root        52     2  0  60 -20 -     0 rescue 18:06 ?        00:00:00 [deferwq]\n' );
document.write( '1 S root        89     2  0  60 -20 -     0 worker 18:06 ?        00:00:01 [kworker/1:1H]\n' );
document.write( '1 S root        91     2  0  60 -20 -     0 worker 18:06 ?        00:00:01 [kworker/0:1H]\n' );
document.write( '1 S root       103     2  0  60 -20 -     0 rescue 18:06 ?        00:00:00 [bioset]\n' );
document.write( '1 S root       120     2  0  60 -20 -     0 rescue 18:06 ?        00:00:00 [btrfs-worker]\n' );
document.write( '1 S root       122     2  0  60 -20 -     0 rescue 18:06 ?        00:00:00 [btrfs-worker-hi]\n' );
document.write( '1 S root       123     2  0  60 -20 -     0 rescue 18:06 ?        00:00:00 [btrfs-delalloc]\n' );
document.write( '1 S root       124     2  0  60 -20 -     0 rescue 18:06 ?        00:00:00 [btrfs-flush_del]\n' );
document.write( '1 S root       125     2  0  60 -20 -     0 rescue 18:06 ?        00:00:00 [btrfs-cache]\n' );
document.write( '1 S root       126     2  0  60 -20 -     0 rescue 18:06 ?        00:00:00 [btrfs-submit]\n' );
document.write( '1 S root       127     2  0  60 -20 -     0 rescue 18:06 ?        00:00:00 [btrfs-fixup]\n' );
document.write( '1 S root       128     2  0  60 -20 -     0 rescue 18:06 ?        00:00:00 [btrfs-endio]\n' );
document.write( '1 S root       129     2  0  60 -20 -     0 rescue 18:06 ?        00:00:00 [btrfs-endio-met]\n' );
document.write( '1 S root       130     2  0  60 -20 -     0 rescue 18:06 ?        00:00:00 [btrfs-endio-met]\n' );
document.write( '1 S root       131     2  0  60 -20 -     0 rescue 18:06 ?        00:00:00 [btrfs-endio-rai]\n' );
document.write( '1 S root       132     2  0  60 -20 -     0 rescue 18:06 ?        00:00:00 [btrfs-endio-rep]\n' );
document.write( '1 S root       133     2  0  60 -20 -     0 rescue 18:06 ?        00:00:00 [btrfs-rmw]\n' );
document.write( '1 S root       134     2  0  60 -20 -     0 rescue 18:06 ?        00:00:00 [btrfs-endio-wri]\n' );
document.write( '1 S root       135     2  0  60 -20 -     0 rescue 18:06 ?        00:00:00 [btrfs-freespace]\n' );
document.write( '1 S root       136     2  0  60 -20 -     0 rescue 18:06 ?        00:00:00 [btrfs-delayed-m]\n' );
document.write( '1 S root       137     2  0  60 -20 -     0 rescue 18:06 ?        00:00:00 [btrfs-readahead]\n' );
document.write( '1 S root       138     2  0  60 -20 -     0 rescue 18:06 ?        00:00:00 [btrfs-qgroup-re]\n' );
document.write( '1 S root       139     2  0  60 -20 -     0 rescue 18:06 ?        00:00:00 [btrfs-extent-re]\n' );
document.write( '1 S root       140     2  0  80   0 -     0 cleane 18:06 ?        00:00:00 [btrfs-cleaner]\n' );
document.write( '1 S root       141     2  0  80   0 -     0 transa 18:06 ?        00:00:09 [btrfs-transacti]\n' );
document.write( '1 S root       254     2  0  80   0 -     0 kaudit 18:07 ?        00:00:00 [kauditd]\n' );
document.write( '4 S root       256     1  0  80   0 -  8241 ep_pol 18:07 ?        00:00:09 /lib/systemd/systemd-journald\n' );
document.write( '4 S root       258     1  0  80   0 -  9873 ep_pol 18:07 ?        00:00:00 /lib/systemd/systemd-udevd\n' );
document.write( '4 S root       363     1  0  76  -4 - 12080 ep_pol 18:07 ?        00:00:09 /sbin/auditd -n\n' );
document.write( '4 S root       394     1  0  85   5 -  6876 hrtime 18:07 ?        00:00:00 /usr/sbin/cron -f -L 38\n' );
document.write( '4 S ctsauth    397     1  0  80   0 - 12448 poll_s 18:07 ?        00:00:02 /usr/bin/python /usr/sbin/cts-auth\n' );
document.write( '4 S root       398     1  0  80   0 - 79132 ep_pol 18:07 ?        00:00:04 /usr/bin/python /usr/local/bin/gateone\n' );
document.write( '4 S message+   402     1  0  80   0 - 10557 ep_pol 18:07 ?        00:00:02 /usr/bin/dbus-daemon --system --address=systemd: --nofork --nopidfile --systemd-activation\n' );
document.write( '0 S root       437     1  0  80   0 -  1064 poll_s 18:07 ?        00:00:00 /usr/sbin/acpid\n' );
document.write( '4 S root       438     1  0  80   0 -  4964 ep_pol 18:07 ?        00:00:01 /lib/systemd/systemd-logind\n' );
document.write( '4 S root       441     1  0  80   0 - 65182 poll_s 18:07 ?        00:00:02 /usr/sbin/rsyslogd -n\n' );
document.write( '4 S root       464     1  0  80   0 -  3604 wait_w 18:07 tty1     00:00:00 /sbin/agetty --noclear tty1 linux\n' );
document.write( '5 S root       489     1  0  80   0 -  1057 hrtime 18:07 ?        00:00:00 /usr/sbin/wd_keepalive \n' );
document.write( '4 S root       506     1  0  80   0 -  3181 poll_s 18:07 ?        00:00:00 /usr/sbin/mcelog --ignorenodev --daemon --foreground\n' );
document.write( '4 S root       507     1  0  80   0 -  9175 poll_s 18:07 ?        00:00:33 /usr/bin/python /usr/sbin/smond\n' );
document.write( '1 S root       508     1  0  80   0 - 36705 sigsus 18:07 ?        00:00:00 nginx: master process /usr/sbin/nginx -g daemon on; master_process on;\n' );
document.write( '5 S www-data   509   508  0  80   0 - 36705 ep_pol 18:07 ?        00:00:00 nginx: worker process                           \n' );
document.write( '4 S root       510     1  0  80   0 -  9157 poll_s 18:07 ?        00:00:02 /usr/bin/python /usr/sbin/ledmgrd\n' );
document.write( '5 S www-data   511   508  0  80   0 - 36705 ep_pol 18:07 ?        00:00:02 nginx: worker process                           \n' );
document.write( '5 S www-data   512   508  0  80   0 - 36705 ep_pol 18:07 ?        00:00:02 nginx: worker process                           \n' );
document.write( '5 S www-data   513   508  0  80   0 - 36705 ep_pol 18:07 ?        00:00:02 nginx: worker process                           \n' );
document.write( '4 S root       514     1  0  80   0 -  9170 poll_s 18:07 ?        00:00:03 /usr/bin/python /usr/sbin/pwmd\n' );
document.write( '5 S root       515     1  0  80   0 -  4819 hrtime 18:07 ?        00:00:01 /usr/sbin/irqbalance --pid=/var/run/irqbalance.pid\n' );
document.write( '4 S root       554     1  0  75  -5 - 16573 poll_s 18:07 ?        00:00:00 /usr/sbin/switchd -vx\n' );
document.write( '4 S root       575     1  0  80   0 - 14143 poll_s 18:07 ?        00:00:00 /usr/bin/python /usr/sbin/portwd\n' );
document.write( '4 S uuidd      703     1  0  80   0 -  6447 skb_re 18:07 ?        00:00:00 /usr/sbin/uuidd --socket-activation\n' );
document.write( '4 S root       755     1  1  80   0 - 105202 poll_s 18:07 ?       00:01:37 /usr/bin/python /usr/bin/neighmgrd\n' );
document.write( '4 S root       757     1  3  80   0 - 46568 skb_re 18:07 ?        00:05:19 /usr/bin/python -O /usr/sbin/netd -d\n' );
document.write( '4 S root       758     1  0  80   0 -  5466 wait   18:07 ?        00:00:00 /bin/bash /usr/lib/cumulus/sysmonitor\n' );
document.write( '4 S root       759     1  0  80   0 - 90297 poll_s 18:07 ?        00:00:16 /usr/bin/python /usr/sbin/netqd --daemon\n' );
document.write( '5 S frr        791     1  0  75  -5 - 20048 poll_s 18:07 ?        00:00:13 /usr/lib/frr/zebra -M snmp -s 90000000 --daemon -A 127.0.0.1\n' );
document.write( '5 S frr        798     1  0  75  -5 - 57777 poll_s 18:07 ?        00:00:24 /usr/lib/frr/bgpd -M snmp --daemon -A 127.0.0.1\n' );
document.write( '5 S root       806     1  0  75  -5 - 11789 poll_s 18:07 ?        00:00:09 /usr/lib/frr/watchfrr -d -r /usr/sbin/servicebBfrrbBrestartbB%s -s /usr/sbin/servicebBfrrbBstartbB%s -k /usr/sbin/servicebBfrrbBstopbB%s -b bB -t 90 zebra bgpd\n' );
document.write( '4 S root       834     1  0  80   0 - 14025 unix_s 18:07 ?        00:00:00 lldpd: monitor.        \n' );
document.write( '4 S ntp        835     1  0  80   0 -  8358 poll_s 18:07 ?        00:00:02 /usr/sbin/ntpd -n -u ntp:ntp -g\n' );
document.write( '4 S root       836     1  0  80   0 -  4331 poll_s 18:07 ?        00:00:00 /usr/sbin/ptmd -l INFO\n' );
document.write( '4 S root       837     1  0  80   0 - 162040 futex_ 18:07 ?       00:01:31 /usr/bin/dockerd -H tcp://0.0.0.0:2375 -H unix:///var/run/docker.sock\n' );
document.write( '4 S root       838     1  0  80   0 - 24635 poll_s 18:07 ?        00:00:01 /usr/bin/python /usr/sbin/netq-notifier\n' );
document.write( '4 S root       839     1  0  80   0 -  7679 poll_s 18:07 ?        00:00:00 /usr/sbin/dhcpd --nl -f -q\n' );
document.write( '4 S root       840     1  1  80   0 - 20706 ep_pol 18:07 ?        00:02:27 /usr/bin/python /usr/sbin/netq-agent\n' );
document.write( '4 S root       841     1  0  80   0 -  3559 wait_w 18:07 ttyS0    00:00:00 /sbin/agetty --keep-baud 115200 38400 9600 ttyS0 vt102\n' );
document.write( '5 S _lldpd     857   834  0  80   0 - 14025 ep_pol 18:07 ?        00:00:02 lldpd: 2 neighbors.    \n' );
